Archive member included to satisfy reference by file (symbol)

S:\UNLaM\Tecnicas Digitales II\step-motor-workspace\lpc_board_nxp_lpcxpresso_1769\Debug\liblpc_board_nxp_lpcxpresso_1769.a(board.o)
                              ./src/steper-motor.o (Board_LED_Set)
S:\UNLaM\Tecnicas Digitales II\step-motor-workspace\lpc_board_nxp_lpcxpresso_1769\Debug\liblpc_board_nxp_lpcxpresso_1769.a(board_sysinit.o)
                              ./src/sysinit.o (Board_SystemInit)
S:\UNLaM\Tecnicas Digitales II\step-motor-workspace\lpc_chip_175x_6x\Debug\liblpc_chip_175x_6x.a(chip_17xx_40xx.o)
                              ./src/steper-motor.o (SystemCoreClockUpdate)
S:\UNLaM\Tecnicas Digitales II\step-motor-workspace\lpc_chip_175x_6x\Debug\liblpc_chip_175x_6x.a(clock_17xx_40xx.o)
                              S:\UNLaM\Tecnicas Digitales II\step-motor-workspace\lpc_chip_175x_6x\Debug\liblpc_chip_175x_6x.a(chip_17xx_40xx.o) (Chip_Clock_EnablePLL)
S:\UNLaM\Tecnicas Digitales II\step-motor-workspace\lpc_chip_175x_6x\Debug\liblpc_chip_175x_6x.a(i2s_17xx_40xx.o)
                              S:\UNLaM\Tecnicas Digitales II\step-motor-workspace\lpc_board_nxp_lpcxpresso_1769\Debug\liblpc_board_nxp_lpcxpresso_1769.a(board.o) (Chip_I2S_Init)
S:\UNLaM\Tecnicas Digitales II\step-motor-workspace\lpc_chip_175x_6x\Debug\liblpc_chip_175x_6x.a(iocon_17xx_40xx.o)
                              S:\UNLaM\Tecnicas Digitales II\step-motor-workspace\lpc_board_nxp_lpcxpresso_1769\Debug\liblpc_board_nxp_lpcxpresso_1769.a(board.o) (Chip_IOCON_PinMux)
S:\UNLaM\Tecnicas Digitales II\step-motor-workspace\lpc_chip_175x_6x\Debug\liblpc_chip_175x_6x.a(sysinit_17xx_40xx.o)
                              S:\UNLaM\Tecnicas Digitales II\step-motor-workspace\lpc_board_nxp_lpcxpresso_1769\Debug\liblpc_board_nxp_lpcxpresso_1769.a(board_sysinit.o) (Chip_SetupXtalClocking)
S:\UNLaM\Tecnicas Digitales II\step-motor-workspace\lpc_chip_175x_6x\Debug\liblpc_chip_175x_6x.a(uart_17xx_40xx.o)
                              S:\UNLaM\Tecnicas Digitales II\step-motor-workspace\lpc_board_nxp_lpcxpresso_1769\Debug\liblpc_board_nxp_lpcxpresso_1769.a(board.o) (Chip_UART_Init)
S:\UNLaM\Tecnicas Digitales II\step-motor-workspace\lpc_chip_175x_6x\Debug\liblpc_chip_175x_6x.a(ring_buffer.o)
                              S:\UNLaM\Tecnicas Digitales II\step-motor-workspace\lpc_chip_175x_6x\Debug\liblpc_chip_175x_6x.a(uart_17xx_40xx.o) (RingBuffer_Insert)
d:/mcuxpressoide_11.3.1_5262/ide/plugins/com.nxp.mcuxpresso.tools.win32_11.3.0.202008311133/tools/bin/../lib/gcc/arm-none-eabi/9.3.1/../../../../arm-none-eabi/lib/thumb/v7-m/nofp\libcr_c.a(memcpy.o)
                              S:\UNLaM\Tecnicas Digitales II\step-motor-workspace\lpc_board_nxp_lpcxpresso_1769\Debug\liblpc_board_nxp_lpcxpresso_1769.a(board.o) (memcpy)
d:/mcuxpressoide_11.3.1_5262/ide/plugins/com.nxp.mcuxpresso.tools.win32_11.3.0.202008311133/tools/bin/../lib/gcc/arm-none-eabi/9.3.1/../../../../arm-none-eabi/lib/thumb/v7-m/nofp\libcr_c.a(__weak__main.o)
                              ./src/cr_startup_lpc175x_6x.o (__main)
d:/mcuxpressoide_11.3.1_5262/ide/plugins/com.nxp.mcuxpresso.tools.win32_11.3.0.202008311133/tools/bin/../lib/gcc/arm-none-eabi/9.3.1/thumb/v7-m/nofp\libcr_eabihelpers.a(division_64.o)
                              S:\UNLaM\Tecnicas Digitales II\step-motor-workspace\lpc_chip_175x_6x\Debug\liblpc_chip_175x_6x.a(i2s_17xx_40xx.o) (__aeabi_uldivmod)
d:/mcuxpressoide_11.3.1_5262/ide/plugins/com.nxp.mcuxpresso.tools.win32_11.3.0.202008311133/tools/bin/../lib/gcc/arm-none-eabi/9.3.1/thumb/v7-m/nofp\libcr_eabihelpers.a(division_idiv0.o)
                              d:/mcuxpressoide_11.3.1_5262/ide/plugins/com.nxp.mcuxpresso.tools.win32_11.3.0.202008311133/tools/bin/../lib/gcc/arm-none-eabi/9.3.1/thumb/v7-m/nofp\libcr_eabihelpers.a(division_64.o) (__aeabi_idiv0)
d:/mcuxpressoide_11.3.1_5262/ide/plugins/com.nxp.mcuxpresso.tools.win32_11.3.0.202008311133/tools/bin/../lib/gcc/arm-none-eabi/9.3.1/thumb/v7-m/nofp\libcr_eabihelpers.a(memcpy.o)
                              d:/mcuxpressoide_11.3.1_5262/ide/plugins/com.nxp.mcuxpresso.tools.win32_11.3.0.202008311133/tools/bin/../lib/gcc/arm-none-eabi/9.3.1/../../../../arm-none-eabi/lib/thumb/v7-m/nofp\libcr_c.a(memcpy.o) (__aeabi_memcpy)

Allocating common symbols
Common symbol       size              file

SystemCoreClock     0x4               S:\UNLaM\Tecnicas Digitales II\step-motor-workspace\lpc_chip_175x_6x\Debug\liblpc_chip_175x_6x.a(chip_17xx_40xx.o)

Discarded input sections

 .group         0x00000000        0xc ./src/cr_startup_lpc175x_6x.o
 .text          0x00000000        0x0 ./src/cr_startup_lpc175x_6x.o
 .data          0x00000000        0x0 ./src/cr_startup_lpc175x_6x.o
 .bss           0x00000000        0x0 ./src/cr_startup_lpc175x_6x.o
 .group         0x00000000        0xc ./src/crp.o
 .group         0x00000000        0xc ./src/crp.o
 .text          0x00000000        0x0 ./src/crp.o
 .data          0x00000000        0x0 ./src/crp.o
[...]
Memory Configuration

Name             Origin             Length             Attributes
MFlash512        0x00000000         0x00080000         xr
RamLoc32         0x10000000         0x00008000         xrw
RamAHB32         0x2007c000         0x00008000         xrw
*default*        0x00000000         0xffffffff

Linker script and memory map

LOAD ./src/cr_startup_lpc175x_6x.o
LOAD ./src/crp.o
LOAD ./src/steper-motor.o
LOAD ./src/sysinit.o
LOAD S:\UNLaM\Tecnicas Digitales II\step-motor-workspace\lpc_board_nxp_lpcxpresso_1769\Debug\liblpc_board_nxp_lpcxpresso_1769.a
LOAD S:\UNLaM\Tecnicas Digitales II\step-motor-workspace\lpc_chip_175x_6x\Debug\liblpc_chip_175x_6x.a
START GROUP
LOAD d:/mcuxpressoide_11.3.1_5262/ide/plugins/com.nxp.mcuxpresso.tools.win32_11.3.0.202008311133/tools/bin/../lib/gcc/arm-none-eabi/9.3.1/../../../../arm-none-eabi/lib/thumb/v7-m/nofp\libcr_c.a
LOAD d:/mcuxpressoide_11.3.1_5262/ide/plugins/com.nxp.mcuxpresso.tools.win32_11.3.0.202008311133/tools/bin/../lib/gcc/arm-none-eabi/9.3.1/thumb/v7-m/nofp\libcr_eabihelpers.a
LOAD d:/mcuxpressoide_11.3.1_5262/ide/plugins/com.nxp.mcuxpresso.tools.win32_11.3.0.202008311133/tools/bin/../lib/gcc/arm-none-eabi/9.3.1/thumb/v7-m/nofp\libgcc.a
END GROUP
                0x00000000                __base_MFlash512 = 0x0
                0x00000000                __base_Flash = 0x0
                0x00080000                __top_MFlash512 = 0x80000
                0x00080000                __top_Flash = 0x80000
                0x10000000                __base_RamLoc32 = 0x10000000
                0x10000000                __base_RAM = 0x10000000
                0x10008000                __top_RamLoc32 = 0x10008000
                0x10008000                __top_RAM = 0x10008000
                0x2007c000                __base_RamAHB32 = 0x2007c000
                0x2007c000                __base_RAM2 = 0x2007c000
                0x20084000                __top_RamAHB32 = 0x20084000
                0x20084000                __top_RAM2 = 0x20084000

.text           0x00000000     0x1210
 FILL mask 0xff
                0x00000000                __vectors_start__ = ABSOLUTE (.)
 *(.isr_vector)
 .isr_vector    0x00000000       0xcc ./src/cr_startup_lpc175x_6x.o
                0x00000000                g_pfnVectors
                0x000000cc                . = ALIGN (0x4)
                0x000000cc                __section_table_start = .
                0x000000cc                __data_section_table = .
                0x000000cc        0x4 LONG 0x1210 LOADADDR (.data)
                0x000000d0        0x4 LONG 0x10000000 ADDR (.data)
                0x000000d4        0x4 LONG 0x4 SIZEOF (.data)
                0x000000d8        0x4 LONG 0x1210 LOADADDR (.data_RAM2)
                0x000000dc        0x4 LONG 0x2007c000 ADDR (.data_RAM2)
                0x000000e0        0x4 LONG 0x0 SIZEOF (.data_RAM2)
                0x000000e4                __data_section_table_end = .
                0x000000e4                __bss_section_table = .
                0x000000e4        0x4 LONG 0x10000004 ADDR (.bss)
                0x000000e8        0x4 LONG 0xc SIZEOF (.bss)
                0x000000ec        0x4 LONG 0x2007c000 ADDR (.bss_RAM2)
                0x000000f0        0x4 LONG 0x0 SIZEOF (.bss_RAM2)
                0x000000f4                __bss_section_table_end = .
                0x000000f4                __section_table_end = .
 *(.after_vectors*)
 .after_vectors
                0x000000f4      0x130 ./src/cr_startup_lpc175x_6x.o
                0x000000f4                data_init
                0x00000138                bss_init
                0x00000170                ResetISR
                0x000001e8                NMI_Handler
                0x000001ee                HardFault_Handler
                0x000001f4                MemManage_Handler
                0x000001fa                BusFault_Handler
                0x00000200                UsageFault_Handler
                0x00000206                SVC_Handler
                0x0000020c                DebugMon_Handler
                0x00000212                PendSV_Handler
                0x00000218                SysTick_Handler
                0x0000021e                EINT3_IRQHandler
                0x0000021e                CANActivity_IRQHandler
                0x0000021e                TIMER3_IRQHandler
                0x0000021e                UART0_IRQHandler
                0x0000021e                UART1_IRQHandler
                0x0000021e                EINT2_IRQHandler
                0x0000021e                USBActivity_IRQHandler
                0x0000021e                IntDefaultHandler
                0x0000021e                PLL0_IRQHandler
                0x0000021e                CAN_IRQHandler
                0x0000021e                I2C1_IRQHandler
                0x0000021e                SSP0_IRQHandler
                0x0000021e                I2S_IRQHandler
                0x0000021e                I2C2_IRQHandler
                0x0000021e                RTC_IRQHandler
                0x0000021e                TIMER0_IRQHandler
                0x0000021e                SPI_IRQHandler
                0x0000021e                RIT_IRQHandler
                0x0000021e                EINT1_IRQHandler
                0x0000021e                TIMER1_IRQHandler
                0x0000021e                UART2_IRQHandler
                0x0000021e                ADC_IRQHandler
                0x0000021e                SSP1_IRQHandler
                0x0000021e                USB_IRQHandler
                0x0000021e                BOD_IRQHandler
                0x0000021e                I2C0_IRQHandler
                0x0000021e                WDT_IRQHandler
                0x0000021e                PWM1_IRQHandler
                0x0000021e                QEI_IRQHandler
                0x0000021e                EINT0_IRQHandler
                0x0000021e                ETH_IRQHandler
                0x0000021e                PLL1_IRQHandler
                0x0000021e                DMA_IRQHandler
                0x0000021e                TIMER2_IRQHandler
                0x0000021e                UART3_IRQHandler
                0x0000021e                MCPWM_IRQHandler
                0x000002fc                . = 0x2fc
 *fill*         0x00000224       0xd8 ff
                0x000002fc                PROVIDE (__CRP_WORD_START__ = .)
 *(.crp)
 .crp           0x000002fc        0x4 ./src/crp.o
                0x000002fc                CRP_WORD
                0x00000300                PROVIDE (__CRP_WORD_END__ = .)
                0x00000001                ASSERT (! ((__CRP_WORD_START__ == __CRP_WORD_END__)), Linker CRP Enabled, but no CRP_WORD provided within application)
 *(.text*)
 .text.Chip_GPIO_SetPinDIROutput
                0x00000300       0x36 ./src/steper-motor.o
 .text.Chip_GPIO_SetPinOutHigh
                0x00000336       0x2e ./src/steper-motor.o
 .text.Chip_GPIO_SetPinOutLow
                0x00000364       0x2e ./src/steper-motor.o
 .text.main     0x00000392       0x12 ./src/steper-motor.o
                0x00000392                main
 .text.InitHardware
                0x000003a4       0x18 ./src/steper-motor.o
                0x000003a4                InitHardware
 .text.InitSetOutput
                0x000003bc       0x5c ./src/steper-motor.o
                0x000003bc                InitSetOutput
 .text.Girar    0x00000418      0x1c4 ./src/steper-motor.o
                0x00000418                Girar
 .text.SystemInit
                0x000005dc       0x24 ./src/sysinit.o
                0x000005dc                SystemInit
 .text.Chip_IOCON_Init
                0x00000600       0x16 S:\UNLaM\Tecnicas Digitales II\step-motor-workspace\lpc_board_nxp_lpcxpresso_1769\Debug\liblpc_board_nxp_lpcxpresso_1769.a(board.o)
 .text.Chip_GPIO_Init
                0x00000616       0x16 S:\UNLaM\Tecnicas Digitales II\step-motor-workspace\lpc_board_nxp_lpcxpresso_1769\Debug\liblpc_board_nxp_lpcxpresso_1769.a(board.o)
 .text.Chip_GPIO_SetPinState
                0x0000062c       0x64 S:\UNLaM\Tecnicas Digitales II\step-motor-workspace\lpc_board_nxp_lpcxpresso_1769\Debug\liblpc_board_nxp_lpcxpresso_1769.a(board.o)
 .text.Chip_GPIO_WritePortBit
                0x00000690       0x2c S:\UNLaM\Tecnicas Digitales II\step-motor-workspace\lpc_board_nxp_lpcxpresso_1769\Debug\liblpc_board_nxp_lpcxpresso_1769.a(board.o)
 .text.Chip_GPIO_SetPinDIROutput
                0x000006bc       0x36 S:\UNLaM\Tecnicas Digitales II\step-motor-workspace\lpc_board_nxp_lpcxpresso_1769\Debug\liblpc_board_nxp_lpcxpresso_1769.a(board.o)
 .text.Chip_GPIO_SetPinDIRInput
                0x000006f2       0x3a S:\UNLaM\Tecnicas Digitales II\step-motor-workspace\lpc_board_nxp_lpcxpresso_1769\Debug\liblpc_board_nxp_lpcxpresso_1769.a(board.o)
 .text.Chip_GPIO_SetPinDIR
                0x0000072c       0x42 S:\UNLaM\Tecnicas Digitales II\step-motor-workspace\lpc_board_nxp_lpcxpresso_1769\Debug\liblpc_board_nxp_lpcxpresso_1769.a(board.o)
 .text.Chip_GPIO_WriteDirBit
                0x0000076e       0x2e S:\UNLaM\Tecnicas Digitales II\step-motor-workspace\lpc_board_nxp_lpcxpresso_1769\Debug\liblpc_board_nxp_lpcxpresso_1769.a(board.o)
 .text.Chip_UART_ConfigData
                0x0000079c       0x1a S:\UNLaM\Tecnicas Digitales II\step-motor-workspace\lpc_board_nxp_lpcxpresso_1769\Debug\liblpc_board_nxp_lpcxpresso_1769.a(board.o)
 *fill*         0x000007b6        0x2 ff
 .text.Board_LED_Init
                0x000007b8       0x18 S:\UNLaM\Tecnicas Digitales II\step-motor-workspace\lpc_board_nxp_lpcxpresso_1769\Debug\liblpc_board_nxp_lpcxpresso_1769.a(board.o)
 .text.Board_UART_Init
                0x000007d0       0x12 S:\UNLaM\Tecnicas Digitales II\step-motor-workspace\lpc_board_nxp_lpcxpresso_1769\Debug\liblpc_board_nxp_lpcxpresso_1769.a(board.o)
                0x000007d0                Board_UART_Init
 *fill*         0x000007e2        0x2 ff
 .text.Board_Debug_Init
                0x000007e4       0x30 S:\UNLaM\Tecnicas Digitales II\step-motor-workspace\lpc_board_nxp_lpcxpresso_1769\Debug\liblpc_board_nxp_lpcxpresso_1769.a(board.o)
                0x000007e4                Board_Debug_Init
 .text.Board_LED_Set
                0x00000814       0x30 S:\UNLaM\Tecnicas Digitales II\step-motor-workspace\lpc_board_nxp_lpcxpresso_1769\Debug\liblpc_board_nxp_lpcxpresso_1769.a(board.o)
                0x00000814                Board_LED_Set
 .text.Board_Init
                0x00000844       0x24 S:\UNLaM\Tecnicas Digitales II\step-motor-workspace\lpc_board_nxp_lpcxpresso_1769\Debug\liblpc_board_nxp_lpcxpresso_1769.a(board.o)
                0x00000844                Board_Init
 .text.Chip_SYSCTL_SetFLASHAccess
                0x00000868       0x30 S:\UNLaM\Tecnicas Digitales II\step-motor-workspace\lpc_board_nxp_lpcxpresso_1769\Debug\liblpc_board_nxp_lpcxpresso_1769.a(board_sysinit.o)
 .text.Board_SetupMuxing
                0x00000898       0x1c S:\UNLaM\Tecnicas Digitales II\step-motor-workspace\lpc_board_nxp_lpcxpresso_1769\Debug\liblpc_board_nxp_lpcxpresso_1769.a(board_sysinit.o)
                0x00000898                Board_SetupMuxing
 .text.Board_SetupClocking
                0x000008b4       0x12 S:\UNLaM\Tecnicas Digitales II\step-motor-workspace\lpc_board_nxp_lpcxpresso_1769\Debug\liblpc_board_nxp_lpcxpresso_1769.a(board_sysinit.o)
                0x000008b4                Board_SetupClocking
 .text.Board_SystemInit
                0x000008c6       0x10 S:\UNLaM\Tecnicas Digitales II\step-motor-workspace\lpc_board_nxp_lpcxpresso_1769\Debug\liblpc_board_nxp_lpcxpresso_1769.a(board_sysinit.o)
                0x000008c6                Board_SystemInit
 *fill*         0x000008d6        0x2 ff
 .text.SystemCoreClockUpdate
                0x000008d8       0x18 S:\UNLaM\Tecnicas Digitales II\step-motor-workspace\lpc_chip_175x_6x\Debug\liblpc_chip_175x_6x.a(chip_17xx_40xx.o)
                0x000008d8                SystemCoreClockUpdate
 .text.Chip_Clock_IsMainPLLEnabled
                0x000008f0       0x24 S:\UNLaM\Tecnicas Digitales II\step-motor-workspace\lpc_chip_175x_6x\Debug\liblpc_chip_175x_6x.a(clock_17xx_40xx.o)
 .text.Chip_Clock_IsMainPLLConnected
                0x00000914       0x24 S:\UNLaM\Tecnicas Digitales II\step-motor-workspace\lpc_chip_175x_6x\Debug\liblpc_chip_175x_6x.a(clock_17xx_40xx.o)
 .text.Chip_Clock_FeedPLL
                0x00000938       0x34 S:\UNLaM\Tecnicas Digitales II\step-motor-workspace\lpc_chip_175x_6x\Debug\liblpc_chip_175x_6x.a(clock_17xx_40xx.o)
 .text.Chip_Clock_GetMainPLLSource
                0x0000096c       0x20 S:\UNLaM\Tecnicas Digitales II\step-motor-workspace\lpc_chip_175x_6x\Debug\liblpc_chip_175x_6x.a(clock_17xx_40xx.o)
 .text.Chip_Clock_GetMainOscRate
                0x0000098c       0x14 S:\UNLaM\Tecnicas Digitales II\step-motor-workspace\lpc_chip_175x_6x\Debug\liblpc_chip_175x_6x.a(clock_17xx_40xx.o)
 .text.Chip_Clock_GetIntOscRate
                0x000009a0       0x14 S:\UNLaM\Tecnicas Digitales II\step-motor-workspace\lpc_chip_175x_6x\Debug\liblpc_chip_175x_6x.a(clock_17xx_40xx.o)
 .text.Chip_Clock_GetRTCOscRate
                0x000009b4       0x14 S:\UNLaM\Tecnicas Digitales II\step-motor-workspace\lpc_chip_175x_6x\Debug\liblpc_chip_175x_6x.a(clock_17xx_40xx.o)
 .text.Chip_Clock_GetMainPLLInClockRate
                0x000009c8        0xe S:\UNLaM\Tecnicas Digitales II\step-motor-workspace\lpc_chip_175x_6x\Debug\liblpc_chip_175x_6x.a(clock_17xx_40xx.o)
 *fill*         0x000009d6        0x2 ff
 .text.Chip_Clock_EnablePLL
                0x000009d8       0x44 S:\UNLaM\Tecnicas Digitales II\step-motor-workspace\lpc_chip_175x_6x\Debug\liblpc_chip_175x_6x.a(clock_17xx_40xx.o)
                0x000009d8                Chip_Clock_EnablePLL
 .text.Chip_Clock_DisablePLL
                0x00000a1c       0x48 S:\UNLaM\Tecnicas Digitales II\step-motor-workspace\lpc_chip_175x_6x\Debug\liblpc_chip_175x_6x.a(clock_17xx_40xx.o)
                0x00000a1c                Chip_Clock_DisablePLL
 .text.Chip_Clock_SetupPLL
                0x00000a64       0x5c S:\UNLaM\Tecnicas Digitales II\step-motor-workspace\lpc_chip_175x_6x\Debug\liblpc_chip_175x_6x.a(clock_17xx_40xx.o)
                0x00000a64                Chip_Clock_SetupPLL
 .text.Chip_Clock_EnablePeriphClock
                0x00000ac0       0x34 S:\UNLaM\Tecnicas Digitales II\step-motor-workspace\lpc_chip_175x_6x\Debug\liblpc_chip_175x_6x.a(clock_17xx_40xx.o)
                0x00000ac0                Chip_Clock_EnablePeriphClock
 .text.Chip_Clock_GetCPUClockSource
                0x00000af4       0x24 S:\UNLaM\Tecnicas Digitales II\step-motor-workspace\lpc_chip_175x_6x\Debug\liblpc_chip_175x_6x.a(clock_17xx_40xx.o)
                0x00000af4                Chip_Clock_GetCPUClockSource
 .text.Chip_Clock_SetCPUClockDiv
                0x00000b18       0x20 S:\UNLaM\Tecnicas Digitales II\step-motor-workspace\lpc_chip_175x_6x\Debug\liblpc_chip_175x_6x.a(clock_17xx_40xx.o)
                0x00000b18                Chip_Clock_SetCPUClockDiv
 .text.Chip_Clock_GetCPUClockDiv
                0x00000b38       0x1c S:\UNLaM\Tecnicas Digitales II\step-motor-workspace\lpc_chip_175x_6x\Debug\liblpc_chip_175x_6x.a(clock_17xx_40xx.o)
                0x00000b38                Chip_Clock_GetCPUClockDiv
 .text.Chip_Clock_GetPCLKDiv
                0x00000b54       0x8c S:\UNLaM\Tecnicas Digitales II\step-motor-workspace\lpc_chip_175x_6x\Debug\liblpc_chip_175x_6x.a(clock_17xx_40xx.o)
                0x00000b54                Chip_Clock_GetPCLKDiv
 .text.Chip_Clock_GetSYSCLKRate
                0x00000be0       0x3a S:\UNLaM\Tecnicas Digitales II\step-motor-workspace\lpc_chip_175x_6x\Debug\liblpc_chip_175x_6x.a(clock_17xx_40xx.o)
                0x00000be0                Chip_Clock_GetSYSCLKRate
 *fill*         0x00000c1a        0x2 ff
 .text.Chip_Clock_GetMainPLLOutClockRate
                0x00000c1c       0x54 S:\UNLaM\Tecnicas Digitales II\step-motor-workspace\lpc_chip_175x_6x\Debug\liblpc_chip_175x_6x.a(clock_17xx_40xx.o)
                0x00000c1c                Chip_Clock_GetMainPLLOutClockRate
 .text.Chip_Clock_GetMainClockRate
                0x00000c70       0x28 S:\UNLaM\Tecnicas Digitales II\step-motor-workspace\lpc_chip_175x_6x\Debug\liblpc_chip_175x_6x.a(clock_17xx_40xx.o)
                0x00000c70                Chip_Clock_GetMainClockRate
 .text.Chip_Clock_GetSystemClockRate
                0x00000c98       0x18 S:\UNLaM\Tecnicas Digitales II\step-motor-workspace\lpc_chip_175x_6x\Debug\liblpc_chip_175x_6x.a(clock_17xx_40xx.o)
                0x00000c98                Chip_Clock_GetSystemClockRate
 .text.Chip_Clock_GetPeripheralClockRate
                0x00000cb0       0x26 S:\UNLaM\Tecnicas Digitales II\step-motor-workspace\lpc_chip_175x_6x\Debug\liblpc_chip_175x_6x.a(clock_17xx_40xx.o)
                0x00000cb0                Chip_Clock_GetPeripheralClockRate
 .text.Chip_IOCON_PinMuxSet
                0x00000cd6       0x36 S:\UNLaM\Tecnicas Digitales II\step-motor-workspace\lpc_chip_175x_6x\Debug\liblpc_chip_175x_6x.a(iocon_17xx_40xx.o)
                0x00000cd6                Chip_IOCON_PinMuxSet
 .text.Chip_IOCON_PinMux
                0x00000d0c       0x94 S:\UNLaM\Tecnicas Digitales II\step-motor-workspace\lpc_chip_175x_6x\Debug\liblpc_chip_175x_6x.a(iocon_17xx_40xx.o)
                0x00000d0c                Chip_IOCON_PinMux
 .text.Chip_IOCON_SetPinMuxing
                0x00000da0       0x64 S:\UNLaM\Tecnicas Digitales II\step-motor-workspace\lpc_chip_175x_6x\Debug\liblpc_chip_175x_6x.a(iocon_17xx_40xx.o)
                0x00000da0                Chip_IOCON_SetPinMuxing
 .text.Chip_Clock_IsMainPLLEnabled
                0x00000e04       0x24 S:\UNLaM\Tecnicas Digitales II\step-motor-workspace\lpc_chip_175x_6x\Debug\liblpc_chip_175x_6x.a(sysinit_17xx_40xx.o)
 .text.Chip_Clock_IsMainPLLLocked
                0x00000e28       0x24 S:\UNLaM\Tecnicas Digitales II\step-motor-workspace\lpc_chip_175x_6x\Debug\liblpc_chip_175x_6x.a(sysinit_17xx_40xx.o)
 .text.Chip_Clock_IsMainPLLConnected
                0x00000e4c       0x24 S:\UNLaM\Tecnicas Digitales II\step-motor-workspace\lpc_chip_175x_6x\Debug\liblpc_chip_175x_6x.a(sysinit_17xx_40xx.o)
 .text.Chip_Clock_EnableCrystal
                0x00000e70       0x20 S:\UNLaM\Tecnicas Digitales II\step-motor-workspace\lpc_chip_175x_6x\Debug\liblpc_chip_175x_6x.a(sysinit_17xx_40xx.o)
 .text.Chip_Clock_IsCrystalEnabled
                0x00000e90       0x24 S:\UNLaM\Tecnicas Digitales II\step-motor-workspace\lpc_chip_175x_6x\Debug\liblpc_chip_175x_6x.a(sysinit_17xx_40xx.o)
 .text.Chip_Clock_SetMainPLLSource
                0x00000eb4       0x20 S:\UNLaM\Tecnicas Digitales II\step-motor-workspace\lpc_chip_175x_6x\Debug\liblpc_chip_175x_6x.a(sysinit_17xx_40xx.o)
 .text.Chip_SetupXtalClocking
                0x00000ed4       0x90 S:\UNLaM\Tecnicas Digitales II\step-motor-workspace\lpc_chip_175x_6x\Debug\liblpc_chip_175x_6x.a(sysinit_17xx_40xx.o)
                0x00000ed4                Chip_SetupXtalClocking
 .text.Chip_UART_SetupFIFOS
                0x00000f64       0x1a S:\UNLaM\Tecnicas Digitales II\step-motor-workspace\lpc_chip_175x_6x\Debug\liblpc_chip_175x_6x.a(uart_17xx_40xx.o)
 .text.Chip_UART_ConfigData
                0x00000f7e       0x1a S:\UNLaM\Tecnicas Digitales II\step-motor-workspace\lpc_chip_175x_6x\Debug\liblpc_chip_175x_6x.a(uart_17xx_40xx.o)
 .text.Chip_UART_EnableDivisorAccess
                0x00000f98       0x1e S:\UNLaM\Tecnicas Digitales II\step-motor-workspace\lpc_chip_175x_6x\Debug\liblpc_chip_175x_6x.a(uart_17xx_40xx.o)
 .text.Chip_UART_DisableDivisorAccess
                0x00000fb6       0x1e S:\UNLaM\Tecnicas Digitales II\step-motor-workspace\lpc_chip_175x_6x\Debug\liblpc_chip_175x_6x.a(uart_17xx_40xx.o)
 .text.Chip_UART_SetDivisorLatches
                0x00000fd4       0x26 S:\UNLaM\Tecnicas Digitales II\step-motor-workspace\lpc_chip_175x_6x\Debug\liblpc_chip_175x_6x.a(uart_17xx_40xx.o)
 *fill*         0x00000ffa        0x2 ff
 .text.Chip_UART_GetClockIndex
                0x00000ffc       0x50 S:\UNLaM\Tecnicas Digitales II\step-motor-workspace\lpc_chip_175x_6x\Debug\liblpc_chip_175x_6x.a(uart_17xx_40xx.o)
 .text.Chip_UART_GetClkIndex
                0x0000104c       0x50 S:\UNLaM\Tecnicas Digitales II\step-motor-workspace\lpc_chip_175x_6x\Debug\liblpc_chip_175x_6x.a(uart_17xx_40xx.o)
 .text.Chip_UART_Init
                0x0000109c       0x78 S:\UNLaM\Tecnicas Digitales II\step-motor-workspace\lpc_chip_175x_6x\Debug\liblpc_chip_175x_6x.a(uart_17xx_40xx.o)
                0x0000109c                Chip_UART_Init
 .text.Chip_UART_TXEnable
                0x00001114       0x18 S:\UNLaM\Tecnicas Digitales II\step-motor-workspace\lpc_chip_175x_6x\Debug\liblpc_chip_175x_6x.a(uart_17xx_40xx.o)
                0x00001114                Chip_UART_TXEnable
 .text.Chip_UART_TXDisable
                0x0000112c       0x18 S:\UNLaM\Tecnicas Digitales II\step-motor-workspace\lpc_chip_175x_6x\Debug\liblpc_chip_175x_6x.a(uart_17xx_40xx.o)
                0x0000112c                Chip_UART_TXDisable
 .text.Chip_UART_SetBaud
                0x00001144       0x62 S:\UNLaM\Tecnicas Digitales II\step-motor-workspace\lpc_chip_175x_6x\Debug\liblpc_chip_175x_6x.a(uart_17xx_40xx.o)
                0x00001144                Chip_UART_SetBaud
 .text.__weak_main
                0x000011a6        0x4 d:/mcuxpressoide_11.3.1_5262/ide/plugins/com.nxp.mcuxpresso.tools.win32_11.3.0.202008311133/tools/bin/../lib/gcc/arm-none-eabi/9.3.1/../../../../arm-none-eabi/lib/thumb/v7-m/nofp\libcr_c.a(__weak__main.o)
                0x000011a6                __weak_main
                0x000011a6                __main
 *(.rodata .rodata.* .constdata .constdata.*)
 *fill*         0x000011aa        0x2 ff
 .rodata.OscRateIn
                0x000011ac        0x4 S:\UNLaM\Tecnicas Digitales II\step-motor-workspace\lpc_board_nxp_lpcxpresso_1769\Debug\liblpc_board_nxp_lpcxpresso_1769.a(board.o)
                0x000011ac                OscRateIn
 .rodata.RTCOscRateIn
                0x000011b0        0x4 S:\UNLaM\Tecnicas Digitales II\step-motor-workspace\lpc_board_nxp_lpcxpresso_1769\Debug\liblpc_board_nxp_lpcxpresso_1769.a(board.o)
                0x000011b0                RTCOscRateIn
 .rodata.pinmuxing
                0x000011b4       0x5c S:\UNLaM\Tecnicas Digitales II\step-motor-workspace\lpc_board_nxp_lpcxpresso_1769\Debug\liblpc_board_nxp_lpcxpresso_1769.a(board_sysinit.o)
                0x00001210                . = ALIGN (0x4)

.glue_7         0x00001210        0x0
 .glue_7        0x00001210        0x0 linker stubs

.glue_7t        0x00001210        0x0
 .glue_7t       0x00001210        0x0 linker stubs

.vfp11_veneer   0x00001210        0x0
 .vfp11_veneer  0x00001210        0x0 linker stubs

.v4_bx          0x00001210        0x0
 .v4_bx         0x00001210        0x0 linker stubs

.iplt           0x00001210        0x0
 .iplt          0x00001210        0x0 ./src/cr_startup_lpc175x_6x.o

.rel.dyn        0x00001210        0x0
 .rel.iplt      0x00001210        0x0 ./src/cr_startup_lpc175x_6x.o

.ARM.extab
 *(.ARM.extab* .gnu.linkonce.armextab.*)

.ARM.exidx      0x00001210        0x0
                0x00001210                __exidx_start = .
 *(.ARM.exidx* .gnu.linkonce.armexidx.*)
                0x00001210                __exidx_end = .
                0x00001210                _etext = .

.data_RAM2      0x2007c000        0x0 load address 0x00001210
 FILL mask 0xff
                [!provide]                PROVIDE (__start_data_RAM2 = .)
                [!provide]                PROVIDE (__start_data_RamAHB32 = .)
 *(.ramfunc.$RAM2)
 *(.ramfunc.$RamAHB32)
 *(.data.$RAM2)
 *(.data.$RamAHB32)
 *(.data.$RAM2.*)
 *(.data.$RamAHB32.*)
                0x2007c000                . = ALIGN (0x4)
                [!provide]                PROVIDE (__end_data_RAM2 = .)
                [!provide]                PROVIDE (__end_data_RamAHB32 = .)

.uninit_RESERVED
                0x10000000        0x0
                0x10000000                _start_uninit_RESERVED = .
 *(.bss.$RESERVED*)
                0x10000000                . = ALIGN (0x4)
                0x10000000                _end_uninit_RESERVED = .

.data           0x10000000        0x4 load address 0x00001210
 FILL mask 0xff
                0x10000000                _data = .
                [!provide]                PROVIDE (__start_data_RAM = .)
                [!provide]                PROVIDE (__start_data_RamLoc32 = .)
 *(vtable)
 *(.ramfunc*)
 *(CodeQuickAccess)
 *(DataQuickAccess)
 *(RamFunction)
 *(.data*)
 .data.dir      0x10000000        0x1 ./src/steper-motor.o
                0x10000000                dir
                0x10000004                . = ALIGN (0x4)
 *fill*         0x10000001        0x3 ff
                0x10000004                _edata = .
                [!provide]                PROVIDE (__end_data_RAM = .)
                [!provide]                PROVIDE (__end_data_RamLoc32 = .)

.igot.plt       0x10000004        0x0 load address 0x00001214
 .igot.plt      0x10000004        0x0 ./src/cr_startup_lpc175x_6x.o

.bss_RAM2       0x2007c000        0x0
                [!provide]                PROVIDE (__start_bss_RAM2 = .)
                [!provide]                PROVIDE (__start_bss_RamAHB32 = .)
 *(.bss.$RAM2)
 *(.bss.$RamAHB32)
 *(.bss.$RAM2.*)
 *(.bss.$RamAHB32.*)
                0x2007c000                . = ALIGN ((. != 0x0)?0x4:0x1)
                [!provide]                PROVIDE (__end_bss_RAM2 = .)
                [!provide]                PROVIDE (__end_bss_RamAHB32 = .)

.bss            0x10000004        0xc
                0x10000004                _bss = .
                [!provide]                PROVIDE (__start_bss_RAM = .)
                [!provide]                PROVIDE (__start_bss_RamLoc32 = .)
 *(.bss*)
 .bss._step     0x10000004        0x4 ./src/steper-motor.o
                0x10000004                _step
 .bss.i         0x10000008        0x4 ./src/steper-motor.o
                0x10000008                i
 *(COMMON)
 COMMON         0x1000000c        0x4 S:\UNLaM\Tecnicas Digitales II\step-motor-workspace\lpc_chip_175x_6x\Debug\liblpc_chip_175x_6x.a(chip_17xx_40xx.o)
                0x1000000c                SystemCoreClock
                0x10000010                . = ALIGN (0x4)
                0x10000010                _ebss = .
                [!provide]                PROVIDE (__end_bss_RAM = .)
                [!provide]                PROVIDE (__end_bss_RamLoc32 = .)
                [!provide]                PROVIDE (end = .)

.noinit_RAM2    0x2007c000        0x0
                [!provide]                PROVIDE (__start_noinit_RAM2 = .)
                [!provide]                PROVIDE (__start_noinit_RamAHB32 = .)
 *(.noinit.$RAM2)
 *(.noinit.$RamAHB32)
 *(.noinit.$RAM2.*)
 *(.noinit.$RamAHB32.*)
                0x2007c000                . = ALIGN (0x4)
                [!provide]                PROVIDE (__end_noinit_RAM2 = .)
                [!provide]                PROVIDE (__end_noinit_RamAHB32 = .)

.noinit         0x10000010        0x0
                0x10000010                _noinit = .
                [!provide]                PROVIDE (__start_noinit_RAM = .)
                [!provide]                PROVIDE (__start_noinit_RamLoc32 = .)
 *(.noinit*)
                0x10000010                . = ALIGN (0x4)
                0x10000010                _end_noinit = .
                [!provide]                PROVIDE (__end_noinit_RAM = .)
                [!provide]                PROVIDE (__end_noinit_RamLoc32 = .)
                [!provide]                PROVIDE (_pvHeapStart = DEFINED (__user_heap_base)?__user_heap_base:.)
                0x10008000                PROVIDE (_vStackTop = DEFINED (__user_stack_top)?__user_stack_top:(__top_RamLoc32 - 0x0))
                0xefff74c6                PROVIDE (__valid_user_code_checksum = (0x0 - ((((((_vStackTop + (ResetISR + 0x1)) + (NMI_Handler + 0x1)) + (HardFault_Handler + 0x1)) + (DEFINED (MemManage_Handler)?MemManage_Handler:0x0 + 0x1)) + (DEFINED (BusFault_Handler)?BusFault_Handler:0x0 + 0x1)) + (DEFINED (UsageFault_Handler)?UsageFault_Handler:0x0 + 0x1))))
                0x00000000                _image_start = LOADADDR (.text)
                0x00001214                _image_end = (LOADADDR (.data) + SIZEOF (.data))
                0x00001214                _image_size = (_image_end - _image_start)
OUTPUT(steper-motor.axf elf32-littlearm)
LOAD linker stubs

.debug_info     0x00000000     0x509e
 .debug_info    0x00000000      0x272 ./src/cr_startup_lpc175x_6x.o
 .debug_info    0x00000272       0x40 ./src/crp.o
 .debug_info    0x000002b2      0x4a9 ./src/steper-motor.o
 .debug_info    0x0000075b      0x250 ./src/sysinit.o
 .debug_info    0x000009ab     0x164a S:\UNLaM\Tecnicas Digitales II\step-motor-workspace\lpc_board_nxp_lpcxpresso_1769\Debug\liblpc_board_nxp_lpcxpresso_1769.a(board.o)
 .debug_info    0x00001ff5      0x71d S:\UNLaM\Tecnicas Digitales II\step-motor-workspace\lpc_board_nxp_lpcxpresso_1769\Debug\liblpc_board_nxp_lpcxpresso_1769.a(board_sysinit.o)
 .debug_info    0x00002712      0x591 S:\UNLaM\Tecnicas Digitales II\step-motor-workspace\lpc_chip_175x_6x\Debug\liblpc_chip_175x_6x.a(chip_17xx_40xx.o)
 .debug_info    0x00002ca3      0xc2a S:\UNLaM\Tecnicas Digitales II\step-motor-workspace\lpc_chip_175x_6x\Debug\liblpc_chip_175x_6x.a(clock_17xx_40xx.o)
 .debug_info    0x000038cd      0x347 S:\UNLaM\Tecnicas Digitales II\step-motor-workspace\lpc_chip_175x_6x\Debug\liblpc_chip_175x_6x.a(iocon_17xx_40xx.o)
 .debug_info    0x00003c14      0x4b0 S:\UNLaM\Tecnicas Digitales II\step-motor-workspace\lpc_chip_175x_6x\Debug\liblpc_chip_175x_6x.a(sysinit_17xx_40xx.o)
 .debug_info    0x000040c4      0xfda S:\UNLaM\Tecnicas Digitales II\step-motor-workspace\lpc_chip_175x_6x\Debug\liblpc_chip_175x_6x.a(uart_17xx_40xx.o)

.debug_abbrev   0x00000000     0x14e5
 .debug_abbrev  0x00000000      0x117 ./src/cr_startup_lpc175x_6x.o
 .debug_abbrev  0x00000117       0x38 ./src/crp.o
 .debug_abbrev  0x0000014f      0x1c7 ./src/steper-motor.o
 .debug_abbrev  0x00000316       0xeb ./src/sysinit.o
 .debug_abbrev  0x00000401      0x420 S:\UNLaM\Tecnicas Digitales II\step-motor-workspace\lpc_board_nxp_lpcxpresso_1769\Debug\liblpc_board_nxp_lpcxpresso_1769.a(board.o)
 .debug_abbrev  0x00000821      0x1a2 S:\UNLaM\Tecnicas Digitales II\step-motor-workspace\lpc_board_nxp_lpcxpresso_1769\Debug\liblpc_board_nxp_lpcxpresso_1769.a(board_sysinit.o)
 .debug_abbrev  0x000009c3      0x16d S:\UNLaM\Tecnicas Digitales II\step-motor-workspace\lpc_chip_175x_6x\Debug\liblpc_chip_175x_6x.a(chip_17xx_40xx.o)
 .debug_abbrev  0x00000b30      0x34d S:\UNLaM\Tecnicas Digitales II\step-motor-workspace\lpc_chip_175x_6x\Debug\liblpc_chip_175x_6x.a(clock_17xx_40xx.o)
 .debug_abbrev  0x00000e7d      0x164 S:\UNLaM\Tecnicas Digitales II\step-motor-workspace\lpc_chip_175x_6x\Debug\liblpc_chip_175x_6x.a(iocon_17xx_40xx.o)
 .debug_abbrev  0x00000fe1      0x1b0 S:\UNLaM\Tecnicas Digitales II\step-motor-workspace\lpc_chip_175x_6x\Debug\liblpc_chip_175x_6x.a(sysinit_17xx_40xx.o)
 .debug_abbrev  0x00001191      0x354 S:\UNLaM\Tecnicas Digitales II\step-motor-workspace\lpc_chip_175x_6x\Debug\liblpc_chip_175x_6x.a(uart_17xx_40xx.o)

.debug_aranges  0x00000000      0x5b0
 .debug_aranges
                0x00000000       0x80 ./src/cr_startup_lpc175x_6x.o
 .debug_aranges
                0x00000080       0x18 ./src/crp.o
 .debug_aranges
                0x00000098       0x50 ./src/steper-motor.o
 .debug_aranges
                0x000000e8       0x20 ./src/sysinit.o
 .debug_aranges
                0x00000108      0x160 S:\UNLaM\Tecnicas Digitales II\step-motor-workspace\lpc_board_nxp_lpcxpresso_1769\Debug\liblpc_board_nxp_lpcxpresso_1769.a(board.o)
 .debug_aranges
                0x00000268       0x38 S:\UNLaM\Tecnicas Digitales II\step-motor-workspace\lpc_board_nxp_lpcxpresso_1769\Debug\liblpc_board_nxp_lpcxpresso_1769.a(board_sysinit.o)
 .debug_aranges
                0x000002a0       0x38 S:\UNLaM\Tecnicas Digitales II\step-motor-workspace\lpc_chip_175x_6x\Debug\liblpc_chip_175x_6x.a(chip_17xx_40xx.o)
 .debug_aranges
                0x000002d8      0x120 S:\UNLaM\Tecnicas Digitales II\step-motor-workspace\lpc_chip_175x_6x\Debug\liblpc_chip_175x_6x.a(clock_17xx_40xx.o)
 .debug_aranges
                0x000003f8       0x30 S:\UNLaM\Tecnicas Digitales II\step-motor-workspace\lpc_chip_175x_6x\Debug\liblpc_chip_175x_6x.a(iocon_17xx_40xx.o)
 .debug_aranges
                0x00000428       0x60 S:\UNLaM\Tecnicas Digitales II\step-motor-workspace\lpc_chip_175x_6x\Debug\liblpc_chip_175x_6x.a(sysinit_17xx_40xx.o)
 .debug_aranges
                0x00000488      0x128 S:\UNLaM\Tecnicas Digitales II\step-motor-workspace\lpc_chip_175x_6x\Debug\liblpc_chip_175x_6x.a(uart_17xx_40xx.o)

.debug_ranges   0x00000000      0x4f8
 .debug_ranges  0x00000000       0x70 ./src/cr_startup_lpc175x_6x.o
 .debug_ranges  0x00000070       0x40 ./src/steper-motor.o
 .debug_ranges  0x000000b0       0x10 ./src/sysinit.o
 .debug_ranges  0x000000c0      0x150 S:\UNLaM\Tecnicas Digitales II\step-motor-workspace\lpc_board_nxp_lpcxpresso_1769\Debug\liblpc_board_nxp_lpcxpresso_1769.a(board.o)
 .debug_ranges  0x00000210       0x28 S:\UNLaM\Tecnicas Digitales II\step-motor-workspace\lpc_board_nxp_lpcxpresso_1769\Debug\liblpc_board_nxp_lpcxpresso_1769.a(board_sysinit.o)
 .debug_ranges  0x00000238       0x28 S:\UNLaM\Tecnicas Digitales II\step-motor-workspace\lpc_chip_175x_6x\Debug\liblpc_chip_175x_6x.a(chip_17xx_40xx.o)
 .debug_ranges  0x00000260      0x110 S:\UNLaM\Tecnicas Digitales II\step-motor-workspace\lpc_chip_175x_6x\Debug\liblpc_chip_175x_6x.a(clock_17xx_40xx.o)
 .debug_ranges  0x00000370       0x20 S:\UNLaM\Tecnicas Digitales II\step-motor-workspace\lpc_chip_175x_6x\Debug\liblpc_chip_175x_6x.a(iocon_17xx_40xx.o)
 .debug_ranges  0x00000390       0x50 S:\UNLaM\Tecnicas Digitales II\step-motor-workspace\lpc_chip_175x_6x\Debug\liblpc_chip_175x_6x.a(sysinit_17xx_40xx.o)
 .debug_ranges  0x000003e0      0x118 S:\UNLaM\Tecnicas Digitales II\step-motor-workspace\lpc_chip_175x_6x\Debug\liblpc_chip_175x_6x.a(uart_17xx_40xx.o)

.debug_macro    0x00000000     0x5899
 .debug_macro   0x00000000       0x1d ./src/cr_startup_lpc175x_6x.o
 .debug_macro   0x0000001d      0xaae ./src/cr_startup_lpc175x_6x.o
 .debug_macro   0x00000acb       0x1a ./src/crp.o
 .debug_macro   0x00000ae5       0x34 ./src/crp.o
 .debug_macro   0x00000b19      0x22c ./src/steper-motor.o
 .debug_macro   0x00000d45       0x10 ./src/steper-motor.o
 .debug_macro   0x00000d55      0x12e ./src/steper-motor.o
 .debug_macro   0x00000e83      0x5b3 ./src/steper-motor.o
 .debug_macro   0x00001436       0x22 ./src/steper-motor.o
 .debug_macro   0x00001458       0x7b ./src/steper-motor.o
 .debug_macro   0x000014d3       0x10 ./src/steper-motor.o
 .debug_macro   0x000014e3       0x2d ./src/steper-motor.o
 .debug_macro   0x00001510       0x3a ./src/steper-motor.o
 .debug_macro   0x0000154a       0x2d ./src/steper-motor.o
 .debug_macro   0x00001577      0xbb1 ./src/steper-motor.o
 .debug_macro   0x00002128      0x22c ./src/steper-motor.o
 .debug_macro   0x00002354       0x42 ./src/steper-motor.o
 .debug_macro   0x00002396       0x52 ./src/steper-motor.o
 .debug_macro   0x000023e8       0x78 ./src/steper-motor.o
 .debug_macro   0x00002460       0x82 ./src/steper-motor.o
 .debug_macro   0x000024e2      0x48c ./src/steper-motor.o
 .debug_macro   0x0000296e       0x34 ./src/steper-motor.o
 .debug_macro   0x000029a2      0x4c5 ./src/steper-motor.o
 .debug_macro   0x00002e67      0x1b7 ./src/steper-motor.o
 .debug_macro   0x0000301e       0x10 ./src/steper-motor.o
 .debug_macro   0x0000302e      0x21b ./src/steper-motor.o
 .debug_macro   0x00003249      0x1b9 ./src/steper-motor.o
 .debug_macro   0x00003402       0x40 ./src/steper-motor.o
 .debug_macro   0x00003442       0x22 ./src/steper-motor.o
 .debug_macro   0x00003464      0x162 ./src/steper-motor.o
 .debug_macro   0x000035c6       0x94 ./src/steper-motor.o
 .debug_macro   0x0000365a       0xb8 ./src/steper-motor.o
 .debug_macro   0x00003712       0x4c ./src/steper-motor.o
 .debug_macro   0x0000375e       0x16 ./src/steper-motor.o
 .debug_macro   0x00003774      0x328 ./src/steper-motor.o
 .debug_macro   0x00003a9c       0x49 ./src/steper-motor.o
 .debug_macro   0x00003ae5       0x16 ./src/steper-motor.o
 .debug_macro   0x00003afb       0xca ./src/steper-motor.o
 .debug_macro   0x00003bc5       0x18 ./src/steper-motor.o
 .debug_macro   0x00003bdd       0x76 ./src/steper-motor.o
 .debug_macro   0x00003c53       0x9a ./src/steper-motor.o
 .debug_macro   0x00003ced       0x20 ./src/steper-motor.o
 .debug_macro   0x00003d0d       0x28 ./src/steper-motor.o
 .debug_macro   0x00003d35       0x82 ./src/steper-motor.o
 .debug_macro   0x00003db7      0x217 ./src/sysinit.o
 .debug_macro   0x00003fce       0x70 ./src/sysinit.o
 .debug_macro   0x0000403e      0x289 S:\UNLaM\Tecnicas Digitales II\step-motor-workspace\lpc_board_nxp_lpcxpresso_1769\Debug\liblpc_board_nxp_lpcxpresso_1769.a(board.o)
 .debug_macro   0x000042c7      0xaa8 S:\UNLaM\Tecnicas Digitales II\step-motor-workspace\lpc_board_nxp_lpcxpresso_1769\Debug\liblpc_board_nxp_lpcxpresso_1769.a(board.o)
 .debug_macro   0x00004d6f       0x12 S:\UNLaM\Tecnicas Digitales II\step-motor-workspace\lpc_board_nxp_lpcxpresso_1769\Debug\liblpc_board_nxp_lpcxpresso_1769.a(board.o)
 .debug_macro   0x00004d81      0x217 S:\UNLaM\Tecnicas Digitales II\step-motor-workspace\lpc_board_nxp_lpcxpresso_1769\Debug\liblpc_board_nxp_lpcxpresso_1769.a(board_sysinit.o)
 .debug_macro   0x00004f98      0x1cd S:\UNLaM\Tecnicas Digitales II\step-motor-workspace\lpc_chip_175x_6x\Debug\liblpc_chip_175x_6x.a(chip_17xx_40xx.o)
 .debug_macro   0x00005165      0x1cd S:\UNLaM\Tecnicas Digitales II\step-motor-workspace\lpc_chip_175x_6x\Debug\liblpc_chip_175x_6x.a(clock_17xx_40xx.o)
 .debug_macro   0x00005332      0x1cd S:\UNLaM\Tecnicas Digitales II\step-motor-workspace\lpc_chip_175x_6x\Debug\liblpc_chip_175x_6x.a(iocon_17xx_40xx.o)
 .debug_macro   0x000054ff      0x1cd S:\UNLaM\Tecnicas Digitales II\step-motor-workspace\lpc_chip_175x_6x\Debug\liblpc_chip_175x_6x.a(sysinit_17xx_40xx.o)
 .debug_macro   0x000056cc      0x1cd S:\UNLaM\Tecnicas Digitales II\step-motor-workspace\lpc_chip_175x_6x\Debug\liblpc_chip_175x_6x.a(uart_17xx_40xx.o)

.debug_line     0x00000000     0x4177
 .debug_line    0x00000000      0x160 ./src/cr_startup_lpc175x_6x.o
 .debug_line    0x00000160       0xad ./src/crp.o
 .debug_line    0x0000020d      0x696 ./src/steper-motor.o
 .debug_line    0x000008a3      0x504 ./src/sysinit.o
 .debug_line    0x00000da7      0xa86 S:\UNLaM\Tecnicas Digitales II\step-motor-workspace\lpc_board_nxp_lpcxpresso_1769\Debug\liblpc_board_nxp_lpcxpresso_1769.a(board.o)
 .debug_line    0x0000182d      0x55d S:\UNLaM\Tecnicas Digitales II\step-motor-workspace\lpc_board_nxp_lpcxpresso_1769\Debug\liblpc_board_nxp_lpcxpresso_1769.a(board_sysinit.o)
 .debug_line    0x00001d8a      0x510 S:\UNLaM\Tecnicas Digitales II\step-motor-workspace\lpc_chip_175x_6x\Debug\liblpc_chip_175x_6x.a(chip_17xx_40xx.o)
 .debug_line    0x0000229a      0x977 S:\UNLaM\Tecnicas Digitales II\step-motor-workspace\lpc_chip_175x_6x\Debug\liblpc_chip_175x_6x.a(clock_17xx_40xx.o)
 .debug_line    0x00002c11      0x52c S:\UNLaM\Tecnicas Digitales II\step-motor-workspace\lpc_chip_175x_6x\Debug\liblpc_chip_175x_6x.a(iocon_17xx_40xx.o)
 .debug_line    0x0000313d      0x5e9 S:\UNLaM\Tecnicas Digitales II\step-motor-workspace\lpc_chip_175x_6x\Debug\liblpc_chip_175x_6x.a(sysinit_17xx_40xx.o)
 .debug_line    0x00003726      0xa51 S:\UNLaM\Tecnicas Digitales II\step-motor-workspace\lpc_chip_175x_6x\Debug\liblpc_chip_175x_6x.a(uart_17xx_40xx.o)

.debug_str      0x00000000    0x13a15
 .debug_str     0x00000000     0x2f96 ./src/cr_startup_lpc175x_6x.o
                               0x2fa9 (size before relaxing)
 .debug_str     0x00002f96       0xe9 ./src/crp.o
                               0x2eb6 (size before relaxing)
 .debug_str     0x0000307f     0xeb72 ./src/steper-motor.o
                              0x11a1a (size before relaxing)
 .debug_str     0x00011bf1       0x1b ./src/sysinit.o
                              0x1138b (size before relaxing)
 .debug_str     0x00011c0c      0xdca S:\UNLaM\Tecnicas Digitales II\step-motor-workspace\lpc_board_nxp_lpcxpresso_1769\Debug\liblpc_board_nxp_lpcxpresso_1769.a(board.o)
                              0x12250 (size before relaxing)
 .debug_str     0x000129d6      0x22d S:\UNLaM\Tecnicas Digitales II\step-motor-workspace\lpc_board_nxp_lpcxpresso_1769\Debug\liblpc_board_nxp_lpcxpresso_1769.a(board_sysinit.o)
                              0x1178a (size before relaxing)
 .debug_str     0x00012c03       0xbe S:\UNLaM\Tecnicas Digitales II\step-motor-workspace\lpc_chip_175x_6x\Debug\liblpc_chip_175x_6x.a(chip_17xx_40xx.o)
                              0x113da (size before relaxing)
 .debug_str     0x00012cc1      0x857 S:\UNLaM\Tecnicas Digitales II\step-motor-workspace\lpc_chip_175x_6x\Debug\liblpc_chip_175x_6x.a(clock_17xx_40xx.o)
                              0x11a58 (size before relaxing)
 .debug_str     0x00013518       0x79 S:\UNLaM\Tecnicas Digitales II\step-motor-workspace\lpc_chip_175x_6x\Debug\liblpc_chip_175x_6x.a(iocon_17xx_40xx.o)
                              0x10ed5 (size before relaxing)
 .debug_str     0x00013591       0xc4 S:\UNLaM\Tecnicas Digitales II\step-motor-workspace\lpc_chip_175x_6x\Debug\liblpc_chip_175x_6x.a(sysinit_17xx_40xx.o)
                              0x110bd (size before relaxing)
 .debug_str     0x00013655      0x3c0 S:\UNLaM\Tecnicas Digitales II\step-motor-workspace\lpc_chip_175x_6x\Debug\liblpc_chip_175x_6x.a(uart_17xx_40xx.o)
                              0x1192d (size before relaxing)

.comment        0x00000000       0x4c
 .comment       0x00000000       0x4c ./src/cr_startup_lpc175x_6x.o
                                 0x4d (size before relaxing)
 .comment       0x0000004c       0x4d ./src/crp.o
 .comment       0x0000004c       0x4d ./src/steper-motor.o
 .comment       0x0000004c       0x4d ./src/sysinit.o
 .comment       0x0000004c       0x4d S:\UNLaM\Tecnicas Digitales II\step-motor-workspace\lpc_board_nxp_lpcxpresso_1769\Debug\liblpc_board_nxp_lpcxpresso_1769.a(board.o)
 .comment       0x0000004c       0x4d S:\UNLaM\Tecnicas Digitales II\step-motor-workspace\lpc_board_nxp_lpcxpresso_1769\Debug\liblpc_board_nxp_lpcxpresso_1769.a(board_sysinit.o)
 .comment       0x0000004c       0x4d S:\UNLaM\Tecnicas Digitales II\step-motor-workspace\lpc_chip_175x_6x\Debug\liblpc_chip_175x_6x.a(chip_17xx_40xx.o)
 .comment       0x0000004c       0x4d S:\UNLaM\Tecnicas Digitales II\step-motor-workspace\lpc_chip_175x_6x\Debug\liblpc_chip_175x_6x.a(clock_17xx_40xx.o)
 .comment       0x0000004c       0x4d S:\UNLaM\Tecnicas Digitales II\step-motor-workspace\lpc_chip_175x_6x\Debug\liblpc_chip_175x_6x.a(iocon_17xx_40xx.o)
 .comment       0x0000004c       0x4d S:\UNLaM\Tecnicas Digitales II\step-motor-workspace\lpc_chip_175x_6x\Debug\liblpc_chip_175x_6x.a(sysinit_17xx_40xx.o)
 .comment       0x0000004c       0x4d S:\UNLaM\Tecnicas Digitales II\step-motor-workspace\lpc_chip_175x_6x\Debug\liblpc_chip_175x_6x.a(uart_17xx_40xx.o)
 .comment       0x0000004c       0x4d d:/mcuxpressoide_11.3.1_5262/ide/plugins/com.nxp.mcuxpresso.tools.win32_11.3.0.202008311133/tools/bin/../lib/gcc/arm-none-eabi/9.3.1/../../../../arm-none-eabi/lib/thumb/v7-m/nofp\libcr_c.a(__weak__main.o)

.ARM.attributes
                0x00000000       0x2b
 .ARM.attributes
                0x00000000       0x2d ./src/cr_startup_lpc175x_6x.o
 .ARM.attributes
                0x0000002d       0x33 ./src/crp.o
 .ARM.attributes
                0x00000060       0x2d ./src/steper-motor.o
 .ARM.attributes
                0x0000008d       0x2d ./src/sysinit.o
 .ARM.attributes
                0x000000ba       0x2d S:\UNLaM\Tecnicas Digitales II\step-motor-workspace\lpc_board_nxp_lpcxpresso_1769\Debug\liblpc_board_nxp_lpcxpresso_1769.a(board.o)
 .ARM.attributes
                0x000000e7       0x2d S:\UNLaM\Tecnicas Digitales II\step-motor-workspace\lpc_board_nxp_lpcxpresso_1769\Debug\liblpc_board_nxp_lpcxpresso_1769.a(board_sysinit.o)
 .ARM.attributes
                0x00000114       0x2d S:\UNLaM\Tecnicas Digitales II\step-motor-workspace\lpc_chip_175x_6x\Debug\liblpc_chip_175x_6x.a(chip_17xx_40xx.o)
 .ARM.attributes
                0x00000141       0x2d S:\UNLaM\Tecnicas Digitales II\step-motor-workspace\lpc_chip_175x_6x\Debug\liblpc_chip_175x_6x.a(clock_17xx_40xx.o)
 .ARM.attributes
                0x0000016e       0x2d S:\UNLaM\Tecnicas Digitales II\step-motor-workspace\lpc_chip_175x_6x\Debug\liblpc_chip_175x_6x.a(iocon_17xx_40xx.o)
 .ARM.attributes
                0x0000019b       0x2d S:\UNLaM\Tecnicas Digitales II\step-motor-workspace\lpc_chip_175x_6x\Debug\liblpc_chip_175x_6x.a(sysinit_17xx_40xx.o)
 .ARM.attributes
                0x000001c8       0x2d S:\UNLaM\Tecnicas Digitales II\step-motor-workspace\lpc_chip_175x_6x\Debug\liblpc_chip_175x_6x.a(uart_17xx_40xx.o)
 .ARM.attributes
                0x000001f5       0x2d d:/mcuxpressoide_11.3.1_5262/ide/plugins/com.nxp.mcuxpresso.tools.win32_11.3.0.202008311133/tools/bin/../lib/gcc/arm-none-eabi/9.3.1/../../../../arm-none-eabi/lib/thumb/v7-m/nofp\libcr_c.a(__weak__main.o)

.debug_frame    0x00000000     0x14f0
 .debug_frame   0x00000000      0x170 ./src/cr_startup_lpc175x_6x.o
 .debug_frame   0x00000170       0xf8 ./src/steper-motor.o
 .debug_frame   0x00000268       0x34 ./src/sysinit.o
 .debug_frame   0x0000029c      0x5d4 S:\UNLaM\Tecnicas Digitales II\step-motor-workspace\lpc_board_nxp_lpcxpresso_1769\Debug\liblpc_board_nxp_lpcxpresso_1769.a(board.o)
 .debug_frame   0x00000870       0x8c S:\UNLaM\Tecnicas Digitales II\step-motor-workspace\lpc_board_nxp_lpcxpresso_1769\Debug\liblpc_board_nxp_lpcxpresso_1769.a(board_sysinit.o)
 .debug_frame   0x000008fc       0x88 S:\UNLaM\Tecnicas Digitales II\step-motor-workspace\lpc_chip_175x_6x\Debug\liblpc_chip_175x_6x.a(chip_17xx_40xx.o)
 .debug_frame   0x00000984      0x490 S:\UNLaM\Tecnicas Digitales II\step-motor-workspace\lpc_chip_175x_6x\Debug\liblpc_chip_175x_6x.a(clock_17xx_40xx.o)
 .debug_frame   0x00000e14       0x80 S:\UNLaM\Tecnicas Digitales II\step-motor-workspace\lpc_chip_175x_6x\Debug\liblpc_chip_175x_6x.a(iocon_17xx_40xx.o)
 .debug_frame   0x00000e94      0x12c S:\UNLaM\Tecnicas Digitales II\step-motor-workspace\lpc_chip_175x_6x\Debug\liblpc_chip_175x_6x.a(sysinit_17xx_40xx.o)
 .debug_frame   0x00000fc0      0x530 S:\UNLaM\Tecnicas Digitales II\step-motor-workspace\lpc_chip_175x_6x\Debug\liblpc_chip_175x_6x.a(uart_17xx_40xx.o)

Cross Reference Table

Symbol                                            File
ADC_IRQHandler                                    ./src/cr_startup_lpc175x_6x.o
BOD_IRQHandler                                    ./src/cr_startup_lpc175x_6x.o
Board_Audio_Init                                  S:\UNLaM\Tecnicas Digitales II\step-motor-workspace\lpc_board_nxp_lpcxpresso_1769\Debug\liblpc_board_nxp_lpcxpresso_1769.a(board.o)
Board_Buttons_Init                                S:\UNLaM\Tecnicas Digitales II\step-motor-workspace\lpc_board_nxp_lpcxpresso_1769\Debug\liblpc_board_nxp_lpcxpresso_1769.a(board.o)
Board_Debug_Init                                  S:\UNLaM\Tecnicas Digitales II\step-motor-workspace\lpc_board_nxp_lpcxpresso_1769\Debug\liblpc_board_nxp_lpcxpresso_1769.a(board.o)
Board_ENET_GetMacADDR                             S:\UNLaM\Tecnicas Digitales II\step-motor-workspace\lpc_board_nxp_lpcxpresso_1769\Debug\liblpc_board_nxp_lpcxpresso_1769.a(board.o)
Board_I2C_Init                                    S:\UNLaM\Tecnicas Digitales II\step-motor-workspace\lpc_board_nxp_lpcxpresso_1769\Debug\liblpc_board_nxp_lpcxpresso_1769.a(board.o)
Board_Init                                        S:\UNLaM\Tecnicas Digitales II\step-motor-workspace\lpc_board_nxp_lpcxpresso_1769\Debug\liblpc_board_nxp_lpcxpresso_1769.a(board.o)
                                                  ./src/steper-motor.o
Board_Joystick_Init                               S:\UNLaM\Tecnicas Digitales II\step-motor-workspace\lpc_board_nxp_lpcxpresso_1769\Debug\liblpc_board_nxp_lpcxpresso_1769.a(board.o)
Board_LED_Set                                     S:\UNLaM\Tecnicas Digitales II\step-motor-workspace\lpc_board_nxp_lpcxpresso_1769\Debug\liblpc_board_nxp_lpcxpresso_1769.a(board.o)
                                                  ./src/steper-motor.o
Board_LED_Test                                    S:\UNLaM\Tecnicas Digitales II\step-motor-workspace\lpc_board_nxp_lpcxpresso_1769\Debug\liblpc_board_nxp_lpcxpresso_1769.a(board.o)
Board_LED_Toggle                                  S:\UNLaM\Tecnicas Digitales II\step-motor-workspace\lpc_board_nxp_lpcxpresso_1769\Debug\liblpc_board_nxp_lpcxpresso_1769.a(board.o)
Board_SPI_AssertSSEL                              S:\UNLaM\Tecnicas Digitales II\step-motor-workspace\lpc_board_nxp_lpcxpresso_1769\Debug\liblpc_board_nxp_lpcxpresso_1769.a(board.o)
Board_SPI_DeassertSSEL                            S:\UNLaM\Tecnicas Digitales II\step-motor-workspace\lpc_board_nxp_lpcxpresso_1769\Debug\liblpc_board_nxp_lpcxpresso_1769.a(board.o)
Board_SPI_Init                                    S:\UNLaM\Tecnicas Digitales II\step-motor-workspace\lpc_board_nxp_lpcxpresso_1769\Debug\liblpc_board_nxp_lpcxpresso_1769.a(board.o)
Board_SSP_Init                                    S:\UNLaM\Tecnicas Digitales II\step-motor-workspace\lpc_board_nxp_lpcxpresso_1769\Debug\liblpc_board_nxp_lpcxpresso_1769.a(board.o)
Board_SetupClocking                               S:\UNLaM\Tecnicas Digitales II\step-motor-workspace\lpc_board_nxp_lpcxpresso_1769\Debug\liblpc_board_nxp_lpcxpresso_1769.a(board_sysinit.o)
Board_SetupMuxing                                 S:\UNLaM\Tecnicas Digitales II\step-motor-workspace\lpc_board_nxp_lpcxpresso_1769\Debug\liblpc_board_nxp_lpcxpresso_1769.a(board_sysinit.o)
Board_SystemInit                                  S:\UNLaM\Tecnicas Digitales II\step-motor-workspace\lpc_board_nxp_lpcxpresso_1769\Debug\liblpc_board_nxp_lpcxpresso_1769.a(board_sysinit.o)
                                                  ./src/sysinit.o
Board_UARTGetChar                                 S:\UNLaM\Tecnicas Digitales II\step-motor-workspace\lpc_board_nxp_lpcxpresso_1769\Debug\liblpc_board_nxp_lpcxpresso_1769.a(board.o)
Board_UARTPutChar                                 S:\UNLaM\Tecnicas Digitales II\step-motor-workspace\lpc_board_nxp_lpcxpresso_1769\Debug\liblpc_board_nxp_lpcxpresso_1769.a(board.o)
Board_UARTPutSTR                                  S:\UNLaM\Tecnicas Digitales II\step-motor-workspace\lpc_board_nxp_lpcxpresso_1769\Debug\liblpc_board_nxp_lpcxpresso_1769.a(board.o)
Board_UART_Init                                   S:\UNLaM\Tecnicas Digitales II\step-motor-workspace\lpc_board_nxp_lpcxpresso_1769\Debug\liblpc_board_nxp_lpcxpresso_1769.a(board.o)
Board_USBD_Init                                   S:\UNLaM\Tecnicas Digitales II\step-motor-workspace\lpc_board_nxp_lpcxpresso_1769\Debug\liblpc_board_nxp_lpcxpresso_1769.a(board.o)
BusFault_Handler                                  ./src/cr_startup_lpc175x_6x.o
Buttons_GetStatus                                 S:\UNLaM\Tecnicas Digitales II\step-motor-workspace\lpc_board_nxp_lpcxpresso_1769\Debug\liblpc_board_nxp_lpcxpresso_1769.a(board.o)
CANActivity_IRQHandler                            ./src/cr_startup_lpc175x_6x.o
CAN_IRQHandler                                    ./src/cr_startup_lpc175x_6x.o
CRP_WORD                                          ./src/crp.o
Chip_Clock_DisablePLL                             S:\UNLaM\Tecnicas Digitales II\step-motor-workspace\lpc_chip_175x_6x\Debug\liblpc_chip_175x_6x.a(clock_17xx_40xx.o)
                                                  S:\UNLaM\Tecnicas Digitales II\step-motor-workspace\lpc_chip_175x_6x\Debug\liblpc_chip_175x_6x.a(sysinit_17xx_40xx.o)
Chip_Clock_DisablePeriphClock                     S:\UNLaM\Tecnicas Digitales II\step-motor-workspace\lpc_chip_175x_6x\Debug\liblpc_chip_175x_6x.a(clock_17xx_40xx.o)
                                                  S:\UNLaM\Tecnicas Digitales II\step-motor-workspace\lpc_chip_175x_6x\Debug\liblpc_chip_175x_6x.a(uart_17xx_40xx.o)
                                                  S:\UNLaM\Tecnicas Digitales II\step-motor-workspace\lpc_chip_175x_6x\Debug\liblpc_chip_175x_6x.a(i2s_17xx_40xx.o)
Chip_Clock_EnablePLL                              S:\UNLaM\Tecnicas Digitales II\step-motor-workspace\lpc_chip_175x_6x\Debug\liblpc_chip_175x_6x.a(clock_17xx_40xx.o)
                                                  S:\UNLaM\Tecnicas Digitales II\step-motor-workspace\lpc_chip_175x_6x\Debug\liblpc_chip_175x_6x.a(sysinit_17xx_40xx.o)
                                                  S:\UNLaM\Tecnicas Digitales II\step-motor-workspace\lpc_chip_175x_6x\Debug\liblpc_chip_175x_6x.a(chip_17xx_40xx.o)
Chip_Clock_EnablePeriphClock                      S:\UNLaM\Tecnicas Digitales II\step-motor-workspace\lpc_chip_175x_6x\Debug\liblpc_chip_175x_6x.a(clock_17xx_40xx.o)
                                                  S:\UNLaM\Tecnicas Digitales II\step-motor-workspace\lpc_chip_175x_6x\Debug\liblpc_chip_175x_6x.a(uart_17xx_40xx.o)
                                                  S:\UNLaM\Tecnicas Digitales II\step-motor-workspace\lpc_chip_175x_6x\Debug\liblpc_chip_175x_6x.a(i2s_17xx_40xx.o)
                                                  S:\UNLaM\Tecnicas Digitales II\step-motor-workspace\lpc_chip_175x_6x\Debug\liblpc_chip_175x_6x.a(chip_17xx_40xx.o)
                                                  S:\UNLaM\Tecnicas Digitales II\step-motor-workspace\lpc_board_nxp_lpcxpresso_1769\Debug\liblpc_board_nxp_lpcxpresso_1769.a(board.o)
Chip_Clock_GetCPUClockDiv                         S:\UNLaM\Tecnicas Digitales II\step-motor-workspace\lpc_chip_175x_6x\Debug\liblpc_chip_175x_6x.a(clock_17xx_40xx.o)
Chip_Clock_GetCPUClockSource                      S:\UNLaM\Tecnicas Digitales II\step-motor-workspace\lpc_chip_175x_6x\Debug\liblpc_chip_175x_6x.a(clock_17xx_40xx.o)
Chip_Clock_GetMainClockRate                       S:\UNLaM\Tecnicas Digitales II\step-motor-workspace\lpc_chip_175x_6x\Debug\liblpc_chip_175x_6x.a(clock_17xx_40xx.o)
Chip_Clock_GetMainPLLOutClockRate                 S:\UNLaM\Tecnicas Digitales II\step-motor-workspace\lpc_chip_175x_6x\Debug\liblpc_chip_175x_6x.a(clock_17xx_40xx.o)
Chip_Clock_GetPCLKDiv                             S:\UNLaM\Tecnicas Digitales II\step-motor-workspace\lpc_chip_175x_6x\Debug\liblpc_chip_175x_6x.a(clock_17xx_40xx.o)
Chip_Clock_GetPeripheralClockRate                 S:\UNLaM\Tecnicas Digitales II\step-motor-workspace\lpc_chip_175x_6x\Debug\liblpc_chip_175x_6x.a(clock_17xx_40xx.o)
                                                  S:\UNLaM\Tecnicas Digitales II\step-motor-workspace\lpc_chip_175x_6x\Debug\liblpc_chip_175x_6x.a(uart_17xx_40xx.o)
                                                  S:\UNLaM\Tecnicas Digitales II\step-motor-workspace\lpc_chip_175x_6x\Debug\liblpc_chip_175x_6x.a(i2s_17xx_40xx.o)
Chip_Clock_GetSYSCLKRate                          S:\UNLaM\Tecnicas Digitales II\step-motor-workspace\lpc_chip_175x_6x\Debug\liblpc_chip_175x_6x.a(clock_17xx_40xx.o)
Chip_Clock_GetSystemClockRate                     S:\UNLaM\Tecnicas Digitales II\step-motor-workspace\lpc_chip_175x_6x\Debug\liblpc_chip_175x_6x.a(clock_17xx_40xx.o)
                                                  S:\UNLaM\Tecnicas Digitales II\step-motor-workspace\lpc_chip_175x_6x\Debug\liblpc_chip_175x_6x.a(chip_17xx_40xx.o)
Chip_Clock_GetUSBClockDiv                         S:\UNLaM\Tecnicas Digitales II\step-motor-workspace\lpc_chip_175x_6x\Debug\liblpc_chip_175x_6x.a(clock_17xx_40xx.o)
Chip_Clock_GetUSBClockRate                        S:\UNLaM\Tecnicas Digitales II\step-motor-workspace\lpc_chip_175x_6x\Debug\liblpc_chip_175x_6x.a(clock_17xx_40xx.o)
Chip_Clock_GetUSBPLLOutClockRate                  S:\UNLaM\Tecnicas Digitales II\step-motor-workspace\lpc_chip_175x_6x\Debug\liblpc_chip_175x_6x.a(clock_17xx_40xx.o)
Chip_Clock_IsPeripheralClockEnabled               S:\UNLaM\Tecnicas Digitales II\step-motor-workspace\lpc_chip_175x_6x\Debug\liblpc_chip_175x_6x.a(clock_17xx_40xx.o)
Chip_Clock_SetCLKOUTSource                        S:\UNLaM\Tecnicas Digitales II\step-motor-workspace\lpc_chip_175x_6x\Debug\liblpc_chip_175x_6x.a(clock_17xx_40xx.o)
Chip_Clock_SetCPUClockDiv                         S:\UNLaM\Tecnicas Digitales II\step-motor-workspace\lpc_chip_175x_6x\Debug\liblpc_chip_175x_6x.a(clock_17xx_40xx.o)
                                                  S:\UNLaM\Tecnicas Digitales II\step-motor-workspace\lpc_chip_175x_6x\Debug\liblpc_chip_175x_6x.a(sysinit_17xx_40xx.o)
Chip_Clock_SetCPUClockSource                      S:\UNLaM\Tecnicas Digitales II\step-motor-workspace\lpc_chip_175x_6x\Debug\liblpc_chip_175x_6x.a(clock_17xx_40xx.o)
Chip_Clock_SetPCLKDiv                             S:\UNLaM\Tecnicas Digitales II\step-motor-workspace\lpc_chip_175x_6x\Debug\liblpc_chip_175x_6x.a(clock_17xx_40xx.o)
Chip_Clock_SetUSBClockDiv                         S:\UNLaM\Tecnicas Digitales II\step-motor-workspace\lpc_chip_175x_6x\Debug\liblpc_chip_175x_6x.a(clock_17xx_40xx.o)
Chip_Clock_SetupPLL                               S:\UNLaM\Tecnicas Digitales II\step-motor-workspace\lpc_chip_175x_6x\Debug\liblpc_chip_175x_6x.a(clock_17xx_40xx.o)
                                                  S:\UNLaM\Tecnicas Digitales II\step-motor-workspace\lpc_chip_175x_6x\Debug\liblpc_chip_175x_6x.a(sysinit_17xx_40xx.o)
                                                  S:\UNLaM\Tecnicas Digitales II\step-motor-workspace\lpc_chip_175x_6x\Debug\liblpc_chip_175x_6x.a(chip_17xx_40xx.o)
Chip_I2S_DMA_RxCmd                                S:\UNLaM\Tecnicas Digitales II\step-motor-workspace\lpc_chip_175x_6x\Debug\liblpc_chip_175x_6x.a(i2s_17xx_40xx.o)
Chip_I2S_DMA_TxCmd                                S:\UNLaM\Tecnicas Digitales II\step-motor-workspace\lpc_chip_175x_6x\Debug\liblpc_chip_175x_6x.a(i2s_17xx_40xx.o)
Chip_I2S_DeInit                                   S:\UNLaM\Tecnicas Digitales II\step-motor-workspace\lpc_chip_175x_6x\Debug\liblpc_chip_175x_6x.a(i2s_17xx_40xx.o)
Chip_I2S_Init                                     S:\UNLaM\Tecnicas Digitales II\step-motor-workspace\lpc_chip_175x_6x\Debug\liblpc_chip_175x_6x.a(i2s_17xx_40xx.o)
                                                  S:\UNLaM\Tecnicas Digitales II\step-motor-workspace\lpc_board_nxp_lpcxpresso_1769\Debug\liblpc_board_nxp_lpcxpresso_1769.a(board.o)
Chip_I2S_Int_RxCmd                                S:\UNLaM\Tecnicas Digitales II\step-motor-workspace\lpc_chip_175x_6x\Debug\liblpc_chip_175x_6x.a(i2s_17xx_40xx.o)
Chip_I2S_Int_TxCmd                                S:\UNLaM\Tecnicas Digitales II\step-motor-workspace\lpc_chip_175x_6x\Debug\liblpc_chip_175x_6x.a(i2s_17xx_40xx.o)
Chip_I2S_RxConfig                                 S:\UNLaM\Tecnicas Digitales II\step-motor-workspace\lpc_chip_175x_6x\Debug\liblpc_chip_175x_6x.a(i2s_17xx_40xx.o)
Chip_I2S_TxConfig                                 S:\UNLaM\Tecnicas Digitales II\step-motor-workspace\lpc_chip_175x_6x\Debug\liblpc_chip_175x_6x.a(i2s_17xx_40xx.o)
                                                  S:\UNLaM\Tecnicas Digitales II\step-motor-workspace\lpc_board_nxp_lpcxpresso_1769\Debug\liblpc_board_nxp_lpcxpresso_1769.a(board.o)
Chip_IOCON_PinMux                                 S:\UNLaM\Tecnicas Digitales II\step-motor-workspace\lpc_chip_175x_6x\Debug\liblpc_chip_175x_6x.a(iocon_17xx_40xx.o)
                                                  S:\UNLaM\Tecnicas Digitales II\step-motor-workspace\lpc_board_nxp_lpcxpresso_1769\Debug\liblpc_board_nxp_lpcxpresso_1769.a(board.o)
Chip_IOCON_PinMuxSet                              S:\UNLaM\Tecnicas Digitales II\step-motor-workspace\lpc_chip_175x_6x\Debug\liblpc_chip_175x_6x.a(iocon_17xx_40xx.o)
Chip_IOCON_SetPinMuxing                           S:\UNLaM\Tecnicas Digitales II\step-motor-workspace\lpc_chip_175x_6x\Debug\liblpc_chip_175x_6x.a(iocon_17xx_40xx.o)
                                                  S:\UNLaM\Tecnicas Digitales II\step-motor-workspace\lpc_board_nxp_lpcxpresso_1769\Debug\liblpc_board_nxp_lpcxpresso_1769.a(board_sysinit.o)
Chip_SetupIrcClocking                             S:\UNLaM\Tecnicas Digitales II\step-motor-workspace\lpc_chip_175x_6x\Debug\liblpc_chip_175x_6x.a(sysinit_17xx_40xx.o)
Chip_SetupXtalClocking                            S:\UNLaM\Tecnicas Digitales II\step-motor-workspace\lpc_chip_175x_6x\Debug\liblpc_chip_175x_6x.a(sysinit_17xx_40xx.o)
                                                  S:\UNLaM\Tecnicas Digitales II\step-motor-workspace\lpc_board_nxp_lpcxpresso_1769\Debug\liblpc_board_nxp_lpcxpresso_1769.a(board_sysinit.o)
Chip_SystemInit                                   S:\UNLaM\Tecnicas Digitales II\step-motor-workspace\lpc_chip_175x_6x\Debug\liblpc_chip_175x_6x.a(sysinit_17xx_40xx.o)
Chip_UART_ABCmd                                   S:\UNLaM\Tecnicas Digitales II\step-motor-workspace\lpc_chip_175x_6x\Debug\liblpc_chip_175x_6x.a(uart_17xx_40xx.o)
Chip_UART_CheckBusy                               S:\UNLaM\Tecnicas Digitales II\step-motor-workspace\lpc_chip_175x_6x\Debug\liblpc_chip_175x_6x.a(uart_17xx_40xx.o)
Chip_UART_DeInit                                  S:\UNLaM\Tecnicas Digitales II\step-motor-workspace\lpc_chip_175x_6x\Debug\liblpc_chip_175x_6x.a(uart_17xx_40xx.o)
Chip_UART_GetABEOStatus                           S:\UNLaM\Tecnicas Digitales II\step-motor-workspace\lpc_chip_175x_6x\Debug\liblpc_chip_175x_6x.a(uart_17xx_40xx.o)
Chip_UART_IRQRBHandler                            S:\UNLaM\Tecnicas Digitales II\step-motor-workspace\lpc_chip_175x_6x\Debug\liblpc_chip_175x_6x.a(uart_17xx_40xx.o)
Chip_UART_Init                                    S:\UNLaM\Tecnicas Digitales II\step-motor-workspace\lpc_chip_175x_6x\Debug\liblpc_chip_175x_6x.a(uart_17xx_40xx.o)
                                                  S:\UNLaM\Tecnicas Digitales II\step-motor-workspace\lpc_board_nxp_lpcxpresso_1769\Debug\liblpc_board_nxp_lpcxpresso_1769.a(board.o)
Chip_UART_RXIntHandlerRB                          S:\UNLaM\Tecnicas Digitales II\step-motor-workspace\lpc_chip_175x_6x\Debug\liblpc_chip_175x_6x.a(uart_17xx_40xx.o)
Chip_UART_Read                                    S:\UNLaM\Tecnicas Digitales II\step-motor-workspace\lpc_chip_175x_6x\Debug\liblpc_chip_175x_6x.a(uart_17xx_40xx.o)
Chip_UART_ReadBlocking                            S:\UNLaM\Tecnicas Digitales II\step-motor-workspace\lpc_chip_175x_6x\Debug\liblpc_chip_175x_6x.a(uart_17xx_40xx.o)
Chip_UART_ReadRB                                  S:\UNLaM\Tecnicas Digitales II\step-motor-workspace\lpc_chip_175x_6x\Debug\liblpc_chip_175x_6x.a(uart_17xx_40xx.o)
Chip_UART_Send                                    S:\UNLaM\Tecnicas Digitales II\step-motor-workspace\lpc_chip_175x_6x\Debug\liblpc_chip_175x_6x.a(uart_17xx_40xx.o)
Chip_UART_SendBlocking                            S:\UNLaM\Tecnicas Digitales II\step-motor-workspace\lpc_chip_175x_6x\Debug\liblpc_chip_175x_6x.a(uart_17xx_40xx.o)
Chip_UART_SendRB                                  S:\UNLaM\Tecnicas Digitales II\step-motor-workspace\lpc_chip_175x_6x\Debug\liblpc_chip_175x_6x.a(uart_17xx_40xx.o)
Chip_UART_SetBaud                                 S:\UNLaM\Tecnicas Digitales II\step-motor-workspace\lpc_chip_175x_6x\Debug\liblpc_chip_175x_6x.a(uart_17xx_40xx.o)
                                                  S:\UNLaM\Tecnicas Digitales II\step-motor-workspace\lpc_board_nxp_lpcxpresso_1769\Debug\liblpc_board_nxp_lpcxpresso_1769.a(board.o)
Chip_UART_SetBaudFDR                              S:\UNLaM\Tecnicas Digitales II\step-motor-workspace\lpc_chip_175x_6x\Debug\liblpc_chip_175x_6x.a(uart_17xx_40xx.o)
Chip_UART_TXDisable                               S:\UNLaM\Tecnicas Digitales II\step-motor-workspace\lpc_chip_175x_6x\Debug\liblpc_chip_175x_6x.a(uart_17xx_40xx.o)
Chip_UART_TXEnable                                S:\UNLaM\Tecnicas Digitales II\step-motor-workspace\lpc_chip_175x_6x\Debug\liblpc_chip_175x_6x.a(uart_17xx_40xx.o)
                                                  S:\UNLaM\Tecnicas Digitales II\step-motor-workspace\lpc_board_nxp_lpcxpresso_1769\Debug\liblpc_board_nxp_lpcxpresso_1769.a(board.o)
Chip_UART_TXIntHandlerRB                          S:\UNLaM\Tecnicas Digitales II\step-motor-workspace\lpc_chip_175x_6x\Debug\liblpc_chip_175x_6x.a(uart_17xx_40xx.o)
Chip_USB_Init                                     S:\UNLaM\Tecnicas Digitales II\step-motor-workspace\lpc_chip_175x_6x\Debug\liblpc_chip_175x_6x.a(chip_17xx_40xx.o)
DMA_IRQHandler                                    ./src/cr_startup_lpc175x_6x.o
DebugMon_Handler                                  ./src/cr_startup_lpc175x_6x.o
EINT0_IRQHandler                                  ./src/cr_startup_lpc175x_6x.o
EINT1_IRQHandler                                  ./src/cr_startup_lpc175x_6x.o
EINT2_IRQHandler                                  ./src/cr_startup_lpc175x_6x.o
EINT3_IRQHandler                                  ./src/cr_startup_lpc175x_6x.o
ETH_IRQHandler                                    ./src/cr_startup_lpc175x_6x.o
Girar                                             ./src/steper-motor.o
HardFault_Handler                                 ./src/cr_startup_lpc175x_6x.o
I2C0_IRQHandler                                   ./src/cr_startup_lpc175x_6x.o
I2C1_IRQHandler                                   ./src/cr_startup_lpc175x_6x.o
I2C2_IRQHandler                                   ./src/cr_startup_lpc175x_6x.o
I2S_IRQHandler                                    ./src/cr_startup_lpc175x_6x.o
InitHardware                                      ./src/steper-motor.o
InitSetOutput                                     ./src/steper-motor.o
IntDefaultHandler                                 ./src/cr_startup_lpc175x_6x.o
Joystick_GetStatus                                S:\UNLaM\Tecnicas Digitales II\step-motor-workspace\lpc_board_nxp_lpcxpresso_1769\Debug\liblpc_board_nxp_lpcxpresso_1769.a(board.o)
MCPWM_IRQHandler                                  ./src/cr_startup_lpc175x_6x.o
MemManage_Handler                                 ./src/cr_startup_lpc175x_6x.o
NMI_Handler                                       ./src/cr_startup_lpc175x_6x.o
OscRateIn                                         S:\UNLaM\Tecnicas Digitales II\step-motor-workspace\lpc_board_nxp_lpcxpresso_1769\Debug\liblpc_board_nxp_lpcxpresso_1769.a(board.o)
                                                  S:\UNLaM\Tecnicas Digitales II\step-motor-workspace\lpc_chip_175x_6x\Debug\liblpc_chip_175x_6x.a(clock_17xx_40xx.o)
PLL0_IRQHandler                                   ./src/cr_startup_lpc175x_6x.o
PLL1_IRQHandler                                   ./src/cr_startup_lpc175x_6x.o
PWM1_IRQHandler                                   ./src/cr_startup_lpc175x_6x.o
PendSV_Handler                                    ./src/cr_startup_lpc175x_6x.o
QEI_IRQHandler                                    ./src/cr_startup_lpc175x_6x.o
RIT_IRQHandler                                    ./src/cr_startup_lpc175x_6x.o
RTCOscRateIn                                      S:\UNLaM\Tecnicas Digitales II\step-motor-workspace\lpc_board_nxp_lpcxpresso_1769\Debug\liblpc_board_nxp_lpcxpresso_1769.a(board.o)
                                                  S:\UNLaM\Tecnicas Digitales II\step-motor-workspace\lpc_chip_175x_6x\Debug\liblpc_chip_175x_6x.a(clock_17xx_40xx.o)
RTC_IRQHandler                                    ./src/cr_startup_lpc175x_6x.o
ResetISR                                          ./src/cr_startup_lpc175x_6x.o
RingBuffer_Init                                   S:\UNLaM\Tecnicas Digitales II\step-motor-workspace\lpc_chip_175x_6x\Debug\liblpc_chip_175x_6x.a(ring_buffer.o)
RingBuffer_Insert                                 S:\UNLaM\Tecnicas Digitales II\step-motor-workspace\lpc_chip_175x_6x\Debug\liblpc_chip_175x_6x.a(ring_buffer.o)
                                                  S:\UNLaM\Tecnicas Digitales II\step-motor-workspace\lpc_chip_175x_6x\Debug\liblpc_chip_175x_6x.a(uart_17xx_40xx.o)
RingBuffer_InsertMult                             S:\UNLaM\Tecnicas Digitales II\step-motor-workspace\lpc_chip_175x_6x\Debug\liblpc_chip_175x_6x.a(ring_buffer.o)
                                                  S:\UNLaM\Tecnicas Digitales II\step-motor-workspace\lpc_chip_175x_6x\Debug\liblpc_chip_175x_6x.a(uart_17xx_40xx.o)
RingBuffer_Pop                                    S:\UNLaM\Tecnicas Digitales II\step-motor-workspace\lpc_chip_175x_6x\Debug\liblpc_chip_175x_6x.a(ring_buffer.o)
                                                  S:\UNLaM\Tecnicas Digitales II\step-motor-workspace\lpc_chip_175x_6x\Debug\liblpc_chip_175x_6x.a(uart_17xx_40xx.o)
RingBuffer_PopMult                                S:\UNLaM\Tecnicas Digitales II\step-motor-workspace\lpc_chip_175x_6x\Debug\liblpc_chip_175x_6x.a(ring_buffer.o)
                                                  S:\UNLaM\Tecnicas Digitales II\step-motor-workspace\lpc_chip_175x_6x\Debug\liblpc_chip_175x_6x.a(uart_17xx_40xx.o)
SPI_IRQHandler                                    ./src/cr_startup_lpc175x_6x.o
SSP0_IRQHandler                                   ./src/cr_startup_lpc175x_6x.o
SSP1_IRQHandler                                   ./src/cr_startup_lpc175x_6x.o
SVC_Handler                                       ./src/cr_startup_lpc175x_6x.o
Serial_CreateStream                               S:\UNLaM\Tecnicas Digitales II\step-motor-workspace\lpc_board_nxp_lpcxpresso_1769\Debug\liblpc_board_nxp_lpcxpresso_1769.a(board.o)
SysTick_Handler                                   ./src/cr_startup_lpc175x_6x.o
SystemCoreClock                                   S:\UNLaM\Tecnicas Digitales II\step-motor-workspace\lpc_chip_175x_6x\Debug\liblpc_chip_175x_6x.a(chip_17xx_40xx.o)
SystemCoreClockUpdate                             S:\UNLaM\Tecnicas Digitales II\step-motor-workspace\lpc_chip_175x_6x\Debug\liblpc_chip_175x_6x.a(chip_17xx_40xx.o)
                                                  ./src/steper-motor.o
SystemInit                                        ./src/sysinit.o
                                                  ./src/cr_startup_lpc175x_6x.o
TIMER0_IRQHandler                                 ./src/cr_startup_lpc175x_6x.o
TIMER1_IRQHandler                                 ./src/cr_startup_lpc175x_6x.o
TIMER2_IRQHandler                                 ./src/cr_startup_lpc175x_6x.o
TIMER3_IRQHandler                                 ./src/cr_startup_lpc175x_6x.o
UART0_IRQHandler                                  ./src/cr_startup_lpc175x_6x.o
UART1_IRQHandler                                  ./src/cr_startup_lpc175x_6x.o
UART2_IRQHandler                                  ./src/cr_startup_lpc175x_6x.o
UART3_IRQHandler                                  ./src/cr_startup_lpc175x_6x.o
USBActivity_IRQHandler                            ./src/cr_startup_lpc175x_6x.o
USB_IRQHandler                                    ./src/cr_startup_lpc175x_6x.o
UsageFault_Handler                                ./src/cr_startup_lpc175x_6x.o
WDT_IRQHandler                                    ./src/cr_startup_lpc175x_6x.o
__aeabi_idiv0                                     d:/mcuxpressoide_11.3.1_5262/ide/plugins/com.nxp.mcuxpresso.tools.win32_11.3.0.202008311133/tools/bin/../lib/gcc/arm-none-eabi/9.3.1/thumb/v7-m/nofp\libcr_eabihelpers.a(division_idiv0.o)
                                                  d:/mcuxpressoide_11.3.1_5262/ide/plugins/com.nxp.mcuxpresso.tools.win32_11.3.0.202008311133/tools/bin/../lib/gcc/arm-none-eabi/9.3.1/thumb/v7-m/nofp\libcr_eabihelpers.a(division_64.o)
__aeabi_ldivmod                                   d:/mcuxpressoide_11.3.1_5262/ide/plugins/com.nxp.mcuxpresso.tools.win32_11.3.0.202008311133/tools/bin/../lib/gcc/arm-none-eabi/9.3.1/thumb/v7-m/nofp\libcr_eabihelpers.a(division_64.o)
__aeabi_lowlevel_memset                           d:/mcuxpressoide_11.3.1_5262/ide/plugins/com.nxp.mcuxpresso.tools.win32_11.3.0.202008311133/tools/bin/../lib/gcc/arm-none-eabi/9.3.1/thumb/v7-m/nofp\libcr_eabihelpers.a(memcpy.o)
__aeabi_memclr                                    d:/mcuxpressoide_11.3.1_5262/ide/plugins/com.nxp.mcuxpresso.tools.win32_11.3.0.202008311133/tools/bin/../lib/gcc/arm-none-eabi/9.3.1/thumb/v7-m/nofp\libcr_eabihelpers.a(memcpy.o)
__aeabi_memclr4                                   d:/mcuxpressoide_11.3.1_5262/ide/plugins/com.nxp.mcuxpresso.tools.win32_11.3.0.202008311133/tools/bin/../lib/gcc/arm-none-eabi/9.3.1/thumb/v7-m/nofp\libcr_eabihelpers.a(memcpy.o)
__aeabi_memclr8                                   d:/mcuxpressoide_11.3.1_5262/ide/plugins/com.nxp.mcuxpresso.tools.win32_11.3.0.202008311133/tools/bin/../lib/gcc/arm-none-eabi/9.3.1/thumb/v7-m/nofp\libcr_eabihelpers.a(memcpy.o)
__aeabi_memcpy                                    d:/mcuxpressoide_11.3.1_5262/ide/plugins/com.nxp.mcuxpresso.tools.win32_11.3.0.202008311133/tools/bin/../lib/gcc/arm-none-eabi/9.3.1/thumb/v7-m/nofp\libcr_eabihelpers.a(memcpy.o)
                                                  d:/mcuxpressoide_11.3.1_5262/ide/plugins/com.nxp.mcuxpresso.tools.win32_11.3.0.202008311133/tools/bin/../lib/gcc/arm-none-eabi/9.3.1/../../../../arm-none-eabi/lib/thumb/v7-m/nofp\libcr_c.a(memcpy.o)
__aeabi_memcpy4                                   d:/mcuxpressoide_11.3.1_5262/ide/plugins/com.nxp.mcuxpresso.tools.win32_11.3.0.202008311133/tools/bin/../lib/gcc/arm-none-eabi/9.3.1/thumb/v7-m/nofp\libcr_eabihelpers.a(memcpy.o)
__aeabi_memcpy8                                   d:/mcuxpressoide_11.3.1_5262/ide/plugins/com.nxp.mcuxpresso.tools.win32_11.3.0.202008311133/tools/bin/../lib/gcc/arm-none-eabi/9.3.1/thumb/v7-m/nofp\libcr_eabihelpers.a(memcpy.o)
__aeabi_memmove                                   d:/mcuxpressoide_11.3.1_5262/ide/plugins/com.nxp.mcuxpresso.tools.win32_11.3.0.202008311133/tools/bin/../lib/gcc/arm-none-eabi/9.3.1/thumb/v7-m/nofp\libcr_eabihelpers.a(memcpy.o)
__aeabi_memmove4                                  d:/mcuxpressoide_11.3.1_5262/ide/plugins/com.nxp.mcuxpresso.tools.win32_11.3.0.202008311133/tools/bin/../lib/gcc/arm-none-eabi/9.3.1/thumb/v7-m/nofp\libcr_eabihelpers.a(memcpy.o)
__aeabi_memmove8                                  d:/mcuxpressoide_11.3.1_5262/ide/plugins/com.nxp.mcuxpresso.tools.win32_11.3.0.202008311133/tools/bin/../lib/gcc/arm-none-eabi/9.3.1/thumb/v7-m/nofp\libcr_eabihelpers.a(memcpy.o)
__aeabi_memset                                    d:/mcuxpressoide_11.3.1_5262/ide/plugins/com.nxp.mcuxpresso.tools.win32_11.3.0.202008311133/tools/bin/../lib/gcc/arm-none-eabi/9.3.1/thumb/v7-m/nofp\libcr_eabihelpers.a(memcpy.o)
__aeabi_memset4                                   d:/mcuxpressoide_11.3.1_5262/ide/plugins/com.nxp.mcuxpresso.tools.win32_11.3.0.202008311133/tools/bin/../lib/gcc/arm-none-eabi/9.3.1/thumb/v7-m/nofp\libcr_eabihelpers.a(memcpy.o)
__aeabi_memset8                                   d:/mcuxpressoide_11.3.1_5262/ide/plugins/com.nxp.mcuxpresso.tools.win32_11.3.0.202008311133/tools/bin/../lib/gcc/arm-none-eabi/9.3.1/thumb/v7-m/nofp\libcr_eabihelpers.a(memcpy.o)
__aeabi_uldivmod                                  d:/mcuxpressoide_11.3.1_5262/ide/plugins/com.nxp.mcuxpresso.tools.win32_11.3.0.202008311133/tools/bin/../lib/gcc/arm-none-eabi/9.3.1/thumb/v7-m/nofp\libcr_eabihelpers.a(division_64.o)
                                                  S:\UNLaM\Tecnicas Digitales II\step-motor-workspace\lpc_chip_175x_6x\Debug\liblpc_chip_175x_6x.a(uart_17xx_40xx.o)
                                                  S:\UNLaM\Tecnicas Digitales II\step-motor-workspace\lpc_chip_175x_6x\Debug\liblpc_chip_175x_6x.a(i2s_17xx_40xx.o)
__bhs_ldivmod1                                    d:/mcuxpressoide_11.3.1_5262/ide/plugins/com.nxp.mcuxpresso.tools.win32_11.3.0.202008311133/tools/bin/../lib/gcc/arm-none-eabi/9.3.1/thumb/v7-m/nofp\libcr_eabihelpers.a(division_64.o)
__bss_section_table_end                           ./src/cr_startup_lpc175x_6x.o
__data_section_table                              ./src/cr_startup_lpc175x_6x.o
__data_section_table_end                          ./src/cr_startup_lpc175x_6x.o
__main                                            d:/mcuxpressoide_11.3.1_5262/ide/plugins/com.nxp.mcuxpresso.tools.win32_11.3.0.202008311133/tools/bin/../lib/gcc/arm-none-eabi/9.3.1/../../../../arm-none-eabi/lib/thumb/v7-m/nofp\libcr_c.a(__weak__main.o)
                                                  ./src/cr_startup_lpc175x_6x.o
__sys_readc                                       S:\UNLaM\Tecnicas Digitales II\step-motor-workspace\lpc_board_nxp_lpcxpresso_1769\Debug\liblpc_board_nxp_lpcxpresso_1769.a(board.o)
__sys_write                                       S:\UNLaM\Tecnicas Digitales II\step-motor-workspace\lpc_board_nxp_lpcxpresso_1769\Debug\liblpc_board_nxp_lpcxpresso_1769.a(board.o)
__valid_user_code_checksum                        ./src/cr_startup_lpc175x_6x.o
__weak_main                                       d:/mcuxpressoide_11.3.1_5262/ide/plugins/com.nxp.mcuxpresso.tools.win32_11.3.0.202008311133/tools/bin/../lib/gcc/arm-none-eabi/9.3.1/../../../../arm-none-eabi/lib/thumb/v7-m/nofp\libcr_c.a(__weak__main.o)
_step                                             ./src/steper-motor.o
_vStackTop                                        ./src/cr_startup_lpc175x_6x.o
bss_init                                          ./src/cr_startup_lpc175x_6x.o
data_init                                         ./src/cr_startup_lpc175x_6x.o
dir                                               ./src/steper-motor.o
g_pfnVectors                                      ./src/cr_startup_lpc175x_6x.o
                                                  ./src/sysinit.o
i                                                 ./src/steper-motor.o
main                                              ./src/steper-motor.o
                                                  d:/mcuxpressoide_11.3.1_5262/ide/plugins/com.nxp.mcuxpresso.tools.win32_11.3.0.202008311133/tools/bin/../lib/gcc/arm-none-eabi/9.3.1/../../../../arm-none-eabi/lib/thumb/v7-m/nofp\libcr_c.a(__weak__main.o)
memcpy                                            d:/mcuxpressoide_11.3.1_5262/ide/plugins/com.nxp.mcuxpresso.tools.win32_11.3.0.202008311133/tools/bin/../lib/gcc/arm-none-eabi/9.3.1/../../../../arm-none-eabi/lib/thumb/v7-m/nofp\libcr_c.a(memcpy.o)
                                                  S:\UNLaM\Tecnicas Digitales II\step-motor-workspace\lpc_chip_175x_6x\Debug\liblpc_chip_175x_6x.a(ring_buffer.o)
                                                  S:\UNLaM\Tecnicas Digitales II\step-motor-workspace\lpc_board_nxp_lpcxpresso_1769\Debug\liblpc_board_nxp_lpcxpresso_1769.a(board.o)
